

================================================================
== Vitis HLS Report for 'tpgBackground_Pipeline_VITIS_LOOP_520_2'
================================================================
* Date:           Fri Nov 22 00:26:51 2024

* Version:        2022.2 (Build 3670227 on Oct 13 2022)
* Project:        prj
* Solution:       sol (Vivado IP Flow Target)
* Product family: spartan7
* Target device:  xc7s50-csga324-1


================================================================
== Performance Estimates
================================================================
+ Timing: 
    * Summary: 
    +--------+----------+----------+------------+
    |  Clock |  Target  | Estimated| Uncertainty|
    +--------+----------+----------+------------+
    |ap_clk  |  12.00 ns|  7.957 ns|     3.24 ns|
    +--------+----------+----------+------------+

+ Latency: 
    * Summary: 
    +---------+---------+-----------+----------+-----+-------+---------+
    |  Latency (cycles) |  Latency (absolute)  |   Interval  | Pipeline|
    |   min   |   max   |    min    |    max   | min |  max  |   Type  |
    +---------+---------+-----------+----------+-----+-------+---------+
    |        2|    65557|  24.000 ns|  0.787 ms|    2|  65557|       no|
    +---------+---------+-----------+----------+-----+-------+---------+

    + Detail: 
        * Instance: 
        +------------------------------+------------------+---------+---------+-----------+-----------+-----+-----+---------+
        |                              |                  |  Latency (cycles) |   Latency (absolute)  |  Interval | Pipeline|
        |           Instance           |      Module      |   min   |   max   |    min    |    max    | min | max |   Type  |
        +------------------------------+------------------+---------+---------+-----------+-----------+-----+-----+---------+
        |grp_reg_ap_uint_10_s_fu_1719  |reg_ap_uint_10_s  |        1|        1|  12.000 ns|  12.000 ns|    1|    1|      yes|
        |grp_reg_int_s_fu_2279         |reg_int_s         |        1|        1|  12.000 ns|  12.000 ns|    1|    1|      yes|
        +------------------------------+------------------+---------+---------+-----------+-----------+-----+-----+---------+

        * Loop: 
        +--------------------+---------+---------+----------+-----------+-----------+-----------+----------+
        |                    |  Latency (cycles) | Iteration|  Initiation Interval  |    Trip   |          |
        |      Loop Name     |   min   |   max   |  Latency |  achieved |   target  |   Count   | Pipelined|
        +--------------------+---------+---------+----------+-----------+-----------+-----------+----------+
        |- VITIS_LOOP_520_2  |        0|    65555|        22|          1|          1|  0 ~ 65535|       yes|
        +--------------------+---------+---------+----------+-----------+-----------+-----------+----------+



================================================================
== Utilization Estimates
================================================================
* Summary: 
+-----------------+---------+-----+-------+-------+-----+
|       Name      | BRAM_18K| DSP |   FF  |  LUT  | URAM|
+-----------------+---------+-----+-------+-------+-----+
|DSP              |        -|   13|      -|      -|    -|
|Expression       |        -|    -|      0|   1850|    -|
|FIFO             |        -|    -|      -|      -|    -|
|Instance         |        -|    -|   1074|    852|    -|
|Memory           |       13|    -|    166|     30|    -|
|Multiplexer      |        -|    -|      -|   1208|    -|
|Register         |        -|    -|   2507|    768|    -|
+-----------------+---------+-----+-------+-------+-----+
|Total            |       13|   13|   3747|   4708|    0|
+-----------------+---------+-----+-------+-------+-----+
|Available        |      150|  120|  65200|  32600|    0|
+-----------------+---------+-----+-------+-------+-----+
|Utilization (%)  |        8|   10|      5|     14|    0|
+-----------------+---------+-----+-------+-------+-----+

+ Detail: 
    * Instance: 
    +------------------------------+----------------------+---------+----+-----+-----+-----+
    |           Instance           |        Module        | BRAM_18K| DSP|  FF | LUT | URAM|
    +------------------------------+----------------------+---------+----+-----+-----+-----+
    |mux_32_8_1_1_U10              |mux_32_8_1_1          |        0|   0|    0|   15|    0|
    |mux_53_32_1_1_U7              |mux_53_32_1_1         |        0|   0|    0|   27|    0|
    |mux_53_32_1_1_U8              |mux_53_32_1_1         |        0|   0|    0|   27|    0|
    |mux_53_32_1_1_U9              |mux_53_32_1_1         |        0|   0|    0|   27|    0|
    |grp_reg_ap_uint_10_s_fu_1719  |reg_ap_uint_10_s      |        0|   0|   21|   15|    0|
    |grp_reg_int_s_fu_2279         |reg_int_s             |        0|   0|   33|   15|    0|
    |urem_11ns_4ns_3_15_1_U4       |urem_11ns_4ns_3_15_1  |        0|   0|  340|  242|    0|
    |urem_11ns_4ns_3_15_1_U5       |urem_11ns_4ns_3_15_1  |        0|   0|  340|  242|    0|
    |urem_11ns_4ns_3_15_1_U6       |urem_11ns_4ns_3_15_1  |        0|   0|  340|  242|    0|
    +------------------------------+----------------------+---------+----+-----+-----+-----+
    |Total                         |                      |        0|   0| 1074|  852|    0|
    +------------------------------+----------------------+---------+----+-----+-----+-----+

    * DSP: 
    +-------------------------------------+---------------------------------+----------------+
    |               Instance              |              Module             |   Expression   |
    +-------------------------------------+---------------------------------+----------------+
    |am_addmul_16ns_1s_16ns_17_4_1_U11    |am_addmul_16ns_1s_16ns_17_4_1    |  (i0 + i1) * i0|
    |mac_muladd_16ns_6s_24s_24_4_1_U22    |mac_muladd_16ns_6s_24s_24_4_1    |    i0 + i1 * i2|
    |mac_muladd_16ns_7ns_13ns_23_4_1_U16  |mac_muladd_16ns_7ns_13ns_23_4_1  |    i0 * i1 + i2|
    |mac_muladd_16ns_7s_16ns_23_4_1_U17   |mac_muladd_16ns_7s_16ns_23_4_1   |    i0 * i1 + i2|
    |mac_muladd_16ns_8ns_23ns_24_4_1_U19  |mac_muladd_16ns_8ns_23ns_24_4_1  |    i0 * i1 + i2|
    |mac_muladd_16ns_8s_23s_24_4_1_U21    |mac_muladd_16ns_8s_23s_24_4_1    |    i0 * i1 + i2|
    |mac_muladd_16s_16s_16ns_16_4_1_U12   |mac_muladd_16s_16s_16ns_16_4_1   |    i0 + i1 * i2|
    |mul_mul_11ns_12ns_23_4_1_U13         |mul_mul_11ns_12ns_23_4_1         |         i0 * i1|
    |mul_mul_11ns_12ns_23_4_1_U14         |mul_mul_11ns_12ns_23_4_1         |         i0 * i1|
    |mul_mul_11ns_12ns_23_4_1_U15         |mul_mul_11ns_12ns_23_4_1         |         i0 * i1|
    |mul_mul_16ns_5ns_21_4_1_U20          |mul_mul_16ns_5ns_21_4_1          |         i0 * i1|
    |mul_mul_16ns_8s_24_4_1_U18           |mul_mul_16ns_8s_24_4_1           |         i0 * i1|
    |mul_mul_20s_8ns_28_4_1_U23           |mul_mul_20s_8ns_28_4_1           |         i0 * i1|
    +-------------------------------------+---------------------------------+----------------+

    * Memory: 
    +---------------------------+-----------------------------------------------------------------------------+---------+---+----+-----+------+-----+------+-------------+
    |           Memory          |                                    Module                                   | BRAM_18K| FF| LUT| URAM| Words| Bits| Banks| W*Bits*Banks|
    +---------------------------+-----------------------------------------------------------------------------+---------+---+----+-----+------+-----+------+-------------+
    |DPtpgBarArray_U            |tpgBackground_Pipeline_VITIS_LOOP_520_2_DPtpgBarArray_ROM_AUTO_1R            |        0|  3|   1|    0|    16|    3|     1|           48|
    |DPtpgBarSelRgb_CEA_b_U     |tpgBackground_Pipeline_VITIS_LOOP_520_2_DPtpgBarSelRgb_CEA_b_ROM_AUTO_1R     |        0|  6|   1|    0|     8|    6|     1|           48|
    |DPtpgBarSelRgb_CEA_g_U     |tpgBackground_Pipeline_VITIS_LOOP_520_2_DPtpgBarSelRgb_CEA_g_ROM_AUTO_1R     |        0|  6|   1|    0|     8|    6|     1|           48|
    |DPtpgBarSelRgb_CEA_r_U     |tpgBackground_Pipeline_VITIS_LOOP_520_2_DPtpgBarSelRgb_CEA_r_ROM_AUTO_1R     |        0|  6|   1|    0|     8|    6|     1|           48|
    |DPtpgBarSelYuv_601_u_U     |tpgBackground_Pipeline_VITIS_LOOP_520_2_DPtpgBarSelYuv_601_u_ROM_AUTO_1R     |        0|  8|   1|    0|     8|    8|     1|           64|
    |DPtpgBarSelYuv_601_v_U     |tpgBackground_Pipeline_VITIS_LOOP_520_2_DPtpgBarSelYuv_601_v_ROM_AUTO_1R     |        0|  8|   1|    0|     8|    8|     1|           64|
    |DPtpgBarSelYuv_601_y_U     |tpgBackground_Pipeline_VITIS_LOOP_520_2_DPtpgBarSelYuv_601_y_ROM_AUTO_1R     |        0|  8|   1|    0|     8|    8|     1|           64|
    |DPtpgBarSelYuv_709_u_U     |tpgBackground_Pipeline_VITIS_LOOP_520_2_DPtpgBarSelYuv_709_u_ROM_AUTO_1R     |        0|  8|   1|    0|     8|    8|     1|           64|
    |DPtpgBarSelYuv_709_v_U     |tpgBackground_Pipeline_VITIS_LOOP_520_2_DPtpgBarSelYuv_709_v_ROM_AUTO_1R     |        0|  8|   1|    0|     8|    8|     1|           64|
    |DPtpgBarSelYuv_709_y_U     |tpgBackground_Pipeline_VITIS_LOOP_520_2_DPtpgBarSelYuv_709_y_ROM_AUTO_1R     |        0|  8|   1|    0|     8|    8|     1|           64|
    |blkYuv_U                   |tpgBackground_Pipeline_VITIS_LOOP_520_2_blkYuv_ROM_AUTO_1R                   |        0|  8|   1|    0|     3|    8|     1|           24|
    |blkYuv_1_U                 |tpgBackground_Pipeline_VITIS_LOOP_520_2_blkYuv_ROM_AUTO_1R                   |        0|  8|   1|    0|     3|    8|     1|           24|
    |bluYuv_U                   |tpgBackground_Pipeline_VITIS_LOOP_520_2_bluYuv_ROM_AUTO_1R                   |        0|  8|   1|    0|     3|    8|     1|           24|
    |grnYuv_U                   |tpgBackground_Pipeline_VITIS_LOOP_520_2_grnYuv_ROM_AUTO_1R                   |        0|  8|   1|    0|     3|    8|     1|           24|
    |redYuv_U                   |tpgBackground_Pipeline_VITIS_LOOP_520_2_redYuv_ROM_AUTO_1R                   |        0|  8|   1|    0|     3|    8|     1|           24|
    |tpgBarSelRgb_b_U           |tpgBackground_Pipeline_VITIS_LOOP_520_2_tpgBarSelRgb_b_ROM_AUTO_1R           |        0|  2|   1|    0|     8|    2|     1|           16|
    |DPtpgBarSelRgb_VESA_b_U    |tpgBackground_Pipeline_VITIS_LOOP_520_2_tpgBarSelRgb_b_ROM_AUTO_1R           |        0|  2|   1|    0|     8|    2|     1|           16|
    |tpgBarSelRgb_g_U           |tpgBackground_Pipeline_VITIS_LOOP_520_2_tpgBarSelRgb_g_ROM_AUTO_1R           |        0|  2|   1|    0|     8|    2|     1|           16|
    |DPtpgBarSelRgb_VESA_g_U    |tpgBackground_Pipeline_VITIS_LOOP_520_2_tpgBarSelRgb_g_ROM_AUTO_1R           |        0|  2|   1|    0|     8|    2|     1|           16|
    |tpgBarSelRgb_r_U           |tpgBackground_Pipeline_VITIS_LOOP_520_2_tpgBarSelRgb_r_ROM_AUTO_1R           |        0|  2|   1|    0|     8|    2|     1|           16|
    |DPtpgBarSelRgb_VESA_r_U    |tpgBackground_Pipeline_VITIS_LOOP_520_2_tpgBarSelRgb_r_ROM_AUTO_1R           |        0|  2|   1|    0|     8|    2|     1|           16|
    |tpgBarSelYuv_u_U           |tpgBackground_Pipeline_VITIS_LOOP_520_2_tpgBarSelYuv_u_ROM_AUTO_1R           |        0|  8|   1|    0|     8|    8|     1|           64|
    |tpgBarSelYuv_v_U           |tpgBackground_Pipeline_VITIS_LOOP_520_2_tpgBarSelYuv_v_ROM_AUTO_1R           |        0|  8|   1|    0|     8|    8|     1|           64|
    |tpgBarSelYuv_y_U           |tpgBackground_Pipeline_VITIS_LOOP_520_2_tpgBarSelYuv_y_ROM_AUTO_1R           |        0|  8|   1|    0|     8|    8|     1|           64|
    |tpgCheckerBoardArray_U     |tpgBackground_Pipeline_VITIS_LOOP_520_2_tpgCheckerBoardArray_ROM_AUTO_1R     |        0|  2|   1|    0|    32|    2|     1|           64|
    |tpgSinTableArray_9bit_0_U  |tpgBackground_Pipeline_VITIS_LOOP_520_2_tpgSinTableArray_9bit_0_ROM_AUTO_1R  |        2|  0|   0|    0|   410|    8|     1|         3280|
    |tpgSinTableArray_9bit_1_U  |tpgBackground_Pipeline_VITIS_LOOP_520_2_tpgSinTableArray_9bit_1_ROM_AUTO_1R  |        2|  0|   0|    0|   410|    8|     1|         3280|
    |tpgSinTableArray_9bit_2_U  |tpgBackground_Pipeline_VITIS_LOOP_520_2_tpgSinTableArray_9bit_2_ROM_AUTO_1R  |        2|  0|   0|    0|   410|    9|     1|         3690|
    |tpgSinTableArray_9bit_3_U  |tpgBackground_Pipeline_VITIS_LOOP_520_2_tpgSinTableArray_9bit_3_ROM_AUTO_1R  |        2|  0|   0|    0|   410|    8|     1|         3280|
    |tpgSinTableArray_9bit_4_U  |tpgBackground_Pipeline_VITIS_LOOP_520_2_tpgSinTableArray_9bit_4_ROM_AUTO_1R  |        2|  0|   0|    0|   410|    8|     1|         3280|
    |tpgSinTableArray_U         |tpgBackground_Pipeline_VITIS_LOOP_520_2_tpgSinTableArray_ROM_AUTO_1R         |        3|  0|   0|    0|  2048|   20|     1|        40960|
    |tpgTartanBarArray_U        |tpgBackground_Pipeline_VITIS_LOOP_520_2_tpgTartanBarArray_ROM_AUTO_1R        |        0|  3|   3|    0|    64|    3|     1|          192|
    |whiYuv_U                   |tpgBackground_Pipeline_VITIS_LOOP_520_2_whiYuv_ROM_AUTO_1R                   |        0|  8|   1|    0|     3|    8|     1|           24|
    |whiYuv_1_U                 |tpgBackground_Pipeline_VITIS_LOOP_520_2_whiYuv_ROM_AUTO_1R                   |        0|  8|   1|    0|     3|    8|     1|           24|
    +---------------------------+-----------------------------------------------------------------------------+---------+---+----+-----+------+-----+------+-------------+
    |Total                      |                                                                             |       13|166|  30|    0|  4375|  227|    34|        59058|
    +---------------------------+-----------------------------------------------------------------------------+---------+---+----+-----+------+-----+------+-------------+

    * FIFO: 
    N/A

    * Expression: 
    +----------------------------------+----------+----+---+----+------------+------------+
    |           Variable Name          | Operation| DSP| FF| LUT| Bitwidth P0| Bitwidth P1|
    +----------------------------------+----------+----+---+----+------------+------------+
    |add_ln1039_fu_4565_p2             |         +|   0|  0|  15|           8|           1|
    |add_ln1056_fu_3467_p2             |         +|   0|  0|  15|           8|           1|
    |add_ln1212_fu_3107_p2             |         +|   0|  0|  11|           3|           1|
    |add_ln1236_1_fu_2555_p2           |         +|   0|  0|  23|          16|           8|
    |add_ln1236_fu_2456_p2             |         +|   0|  0|  39|          32|           8|
    |add_ln1240_1_fu_2516_p2           |         +|   0|  0|  39|          32|           8|
    |add_ln1240_2_fu_2573_p2           |         +|   0|  0|  23|          16|           8|
    |add_ln1240_fu_1707_p2             |         +|   0|  0|  18|          11|          10|
    |add_ln1244_1_fu_2630_p2           |         +|   0|  0|  39|          32|           8|
    |add_ln1244_2_fu_2693_p2           |         +|   0|  0|  23|          16|           8|
    |add_ln1244_fu_1999_p2             |         +|   0|  0|  18|          11|          11|
    |add_ln1257_2_fu_3190_p2           |         +|   0|  0|  32|          25|          25|
    |add_ln1257_3_fu_3196_p2           |         +|   0|  0|  23|          16|          16|
    |add_ln1258_2_fu_3216_p2           |         +|   0|  0|  32|          25|          25|
    |add_ln1259_2_fu_3256_p2           |         +|   0|  0|  32|          25|          25|
    |add_ln1259_fu_3243_p2             |         +|   0|  0|  31|          24|          16|
    |add_ln1296_fu_2298_p2             |         +|   0|  0|  23|          16|          16|
    |add_ln1298_fu_2310_p2             |         +|   0|  0|  23|          16|          16|
    |add_ln1314_fu_3414_p2             |         +|   0|  0|  15|           8|           8|
    |add_ln1348_fu_2916_p2             |         +|   0|  0|  11|           3|           1|
    |add_ln1367_fu_2952_p2             |         +|   0|  0|  11|           3|           1|
    |add_ln1500_fu_4043_p2             |         +|   0|  0|  15|           8|           1|
    |add_ln1530_fu_2848_p2             |         +|   0|  0|  15|           8|           1|
    |add_ln1548_fu_2880_p2             |         +|   0|  0|  11|           3|           1|
    |add_ln1619_fu_3692_p2             |         +|   0|  0|  23|          16|           1|
    |add_ln1730_fu_2800_p2             |         +|   0|  0|  11|           3|           1|
    |add_ln186_fu_2197_p2              |         +|   0|  0|  18|          11|           1|
    |add_ln520_fu_1647_p2              |         +|   0|  0|  23|          16|           1|
    |add_ln528_fu_2335_p2              |         +|   0|  0|  23|          16|          16|
    |add_ln840_1_fu_1955_p2            |         +|   0|  0|  17|          10|           1|
    |add_ln840_2_fu_1919_p2            |         +|   0|  0|  14|           6|           1|
    |add_ln840_3_fu_2028_p2            |         +|   0|  0|  17|          10|           1|
    |add_ln840_4_fu_2166_p2            |         +|   0|  0|  17|          10|           1|
    |add_ln840_5_fu_1987_p2            |         +|   0|  0|  17|          10|           1|
    |add_ln840_6_fu_2822_p2            |         +|   0|  0|  14|           6|           1|
    |add_ln840_7_fu_2098_p2            |         +|   0|  0|  17|          10|           1|
    |add_ln840_fu_2134_p2              |         +|   0|  0|  17|          10|           1|
    |add_ln841_fu_2784_p2              |         +|   0|  0|  17|          10|           7|
    |grp_fu_4654_p2                    |         +|   0|  0|  23|          16|          16|
    |ret_V_fu_2186_p2                  |         +|   0|  0|  19|          12|           1|
    |sub_ln1311_1_fu_3391_p2           |         -|   0|  0|  15|           1|           8|
    |sub_ln1311_fu_3375_p2             |         -|   0|  0|  34|           1|          27|
    |sub_ln186_fu_2203_p2              |         -|   0|  0|  18|          11|          11|
    |sub_ln841_1_fu_1976_p2            |         -|   0|  0|  17|          10|          10|
    |sub_ln841_2_fu_2080_p2            |         -|   0|  0|  17|          10|          10|
    |sub_ln841_fu_2155_p2              |         -|   0|  0|  17|          10|          10|
    |and_ln1292_fu_1791_p2             |       and|   0|  0|   2|           1|           1|
    |and_ln1341_fu_2123_p2             |       and|   0|  0|   2|           1|           1|
    |and_ln1404_fu_1725_p2             |       and|   0|  0|   2|           1|           1|
    |and_ln1409_fu_2023_p2             |       and|   0|  0|   2|           1|           1|
    |and_ln1523_fu_1944_p2             |       and|   0|  0|   2|           1|           1|
    |and_ln1616_fu_3668_p2             |       and|   0|  0|   2|           1|           1|
    |and_ln1706_fu_1908_p2             |       and|   0|  0|   2|           1|           1|
    |and_ln1756_fu_3157_p2             |       and|   0|  0|   2|           1|           1|
    |and_ln1817_fu_3889_p2             |       and|   0|  0|   2|           1|           1|
    |and_ln520_1_fu_4371_p2            |       and|   0|  0|   2|           1|           1|
    |and_ln520_2_fu_4277_p2            |       and|   0|  0|   2|           1|           1|
    |and_ln520_3_fu_4281_p2            |       and|   0|  0|   2|           1|           1|
    |and_ln520_4_fu_3977_p2            |       and|   0|  0|   2|           1|           1|
    |and_ln520_5_fu_3981_p2            |       and|   0|  0|   2|           1|           1|
    |and_ln520_fu_4367_p2              |       and|   0|  0|   2|           1|           1|
    |ap_block_pp0_stage0_01001         |       and|   0|  0|   2|           1|           1|
    |ap_condition_1899                 |       and|   0|  0|   2|           1|           1|
    |ap_condition_1986                 |       and|   0|  0|   2|           1|           1|
    |ap_condition_2010                 |       and|   0|  0|   2|           1|           1|
    |ap_condition_2036                 |       and|   0|  0|   2|           1|           1|
    |ap_condition_2061                 |       and|   0|  0|   2|           1|           1|
    |ap_condition_2086                 |       and|   0|  0|   2|           1|           1|
    |ap_condition_2111                 |       and|   0|  0|   2|           1|           1|
    |ap_condition_2136                 |       and|   0|  0|   2|           1|           1|
    |ap_condition_4424                 |       and|   0|  0|   2|           1|           1|
    |ap_condition_4430                 |       and|   0|  0|   2|           1|           1|
    |ap_condition_4433                 |       and|   0|  0|   2|           1|           1|
    |ap_condition_4439                 |       and|   0|  0|   2|           1|           1|
    |ap_condition_4442                 |       and|   0|  0|   2|           1|           1|
    |ap_condition_4446                 |       and|   0|  0|   2|           1|           1|
    |ap_condition_4450                 |       and|   0|  0|   2|           1|           1|
    |ap_condition_4455                 |       and|   0|  0|   2|           1|           1|
    |ap_condition_4462                 |       and|   0|  0|   2|           1|           1|
    |ap_condition_4466                 |       and|   0|  0|   2|           1|           1|
    |ap_condition_4471                 |       and|   0|  0|   2|           1|           1|
    |ap_condition_4477                 |       and|   0|  0|   2|           1|           1|
    |ap_condition_4483                 |       and|   0|  0|   2|           1|           1|
    |ap_condition_4488                 |       and|   0|  0|   2|           1|           1|
    |ap_condition_4492                 |       and|   0|  0|   2|           1|           1|
    |ap_condition_4496                 |       and|   0|  0|   2|           1|           1|
    |ap_condition_4501                 |       and|   0|  0|   2|           1|           1|
    |ap_condition_4505                 |       and|   0|  0|   2|           1|           1|
    |ap_condition_4510                 |       and|   0|  0|   2|           1|           1|
    |ap_condition_4515                 |       and|   0|  0|   2|           1|           1|
    |ap_condition_4519                 |       and|   0|  0|   2|           1|           1|
    |ap_condition_4524                 |       and|   0|  0|   2|           1|           1|
    |ap_condition_4528                 |       and|   0|  0|   2|           1|           1|
    |ap_condition_4535                 |       and|   0|  0|   2|           1|           1|
    |ap_condition_4541                 |       and|   0|  0|   2|           1|           1|
    |ap_condition_4546                 |       and|   0|  0|   2|           1|           1|
    |ap_condition_4552                 |       and|   0|  0|   2|           1|           1|
    |ap_condition_4555                 |       and|   0|  0|   2|           1|           1|
    |ap_condition_4560                 |       and|   0|  0|   2|           1|           1|
    |ap_condition_4564                 |       and|   0|  0|   2|           1|           1|
    |ap_condition_4569                 |       and|   0|  0|   2|           1|           1|
    |ap_condition_4576                 |       and|   0|  0|   2|           1|           1|
    |ap_condition_4580                 |       and|   0|  0|   2|           1|           1|
    |ap_condition_4584                 |       and|   0|  0|   2|           1|           1|
    |ap_condition_4590                 |       and|   0|  0|   2|           1|           1|
    |ap_condition_4595                 |       and|   0|  0|   2|           1|           1|
    |ap_condition_4600                 |       and|   0|  0|   2|           1|           1|
    |ap_condition_4606                 |       and|   0|  0|   2|           1|           1|
    |ap_condition_4610                 |       and|   0|  0|   2|           1|           1|
    |ap_condition_4613                 |       and|   0|  0|   2|           1|           1|
    |ap_condition_4618                 |       and|   0|  0|   2|           1|           1|
    |ap_condition_4622                 |       and|   0|  0|   2|           1|           1|
    |ap_condition_4628                 |       and|   0|  0|   2|           1|           1|
    |ap_condition_4634                 |       and|   0|  0|   2|           1|           1|
    |ap_condition_593                  |       and|   0|  0|   2|           1|           1|
    |ap_condition_596                  |       and|   0|  0|   2|           1|           1|
    |ap_condition_603                  |       and|   0|  0|   2|           1|           1|
    |ap_condition_610                  |       and|   0|  0|   2|           1|           1|
    |ap_condition_617                  |       and|   0|  0|   2|           1|           1|
    |ap_condition_624                  |       and|   0|  0|   2|           1|           1|
    |ap_condition_631                  |       and|   0|  0|   2|           1|           1|
    |ap_predicate_op112_call_state1    |       and|   0|  0|   2|           1|           1|
    |icmp_ln1019_1_fu_2074_p2          |      icmp|   0|  0|  11|          10|          10|
    |icmp_ln1019_fu_2018_p2            |      icmp|   0|  0|  11|          11|          11|
    |icmp_ln1027_1_fu_2192_p2          |      icmp|   0|  0|  12|          12|          12|
    |icmp_ln1027_2_fu_2118_p2          |      icmp|   0|  0|  11|          11|          11|
    |icmp_ln1027_3_fu_1939_p2          |      icmp|   0|  0|  11|          11|          11|
    |icmp_ln1027_4_fu_1902_p2          |      icmp|   0|  0|  10|           6|           2|
    |icmp_ln1027_5_fu_2150_p2          |      icmp|   0|  0|  11|          10|          10|
    |icmp_ln1027_6_fu_1971_p2          |      icmp|   0|  0|  11|          10|          10|
    |icmp_ln1027_7_fu_2774_p2          |      icmp|   0|  0|  11|          10|           6|
    |icmp_ln1027_8_fu_2068_p2          |      icmp|   0|  0|  11|          10|          10|
    |icmp_ln1027_fu_1641_p2            |      icmp|   0|  0|  13|          16|           1|
    |icmp_ln1050_fu_1887_p2            |      icmp|   0|  0|  13|          16|           1|
    |icmp_ln1236_fu_2550_p2            |      icmp|   0|  0|  15|          24|           1|
    |icmp_ln1240_fu_2568_p2            |      icmp|   0|  0|  15|          24|           1|
    |icmp_ln1244_fu_2688_p2            |      icmp|   0|  0|  15|          24|           1|
    |icmp_ln1260_fu_3282_p2            |      icmp|   0|  0|  11|           9|           1|
    |icmp_ln1261_1_fu_4100_p2          |      icmp|   0|  0|  13|          17|           1|
    |icmp_ln1261_fu_3316_p2            |      icmp|   0|  0|  11|           9|           1|
    |icmp_ln1262_1_fu_4124_p2          |      icmp|   0|  0|  13|          17|           1|
    |icmp_ln1262_fu_3332_p2            |      icmp|   0|  0|  11|           9|           1|
    |icmp_ln1285_fu_1785_p2            |      icmp|   0|  0|  13|          16|           1|
    |icmp_ln1336_fu_1761_p2            |      icmp|   0|  0|  13|          16|           1|
    |icmp_ln1428_fu_1737_p2            |      icmp|   0|  0|  13|          17|          17|
    |icmp_ln1518_fu_1683_p2            |      icmp|   0|  0|  13|          16|           1|
    |icmp_ln1584_fu_1671_p2            |      icmp|   0|  0|  11|           8|           1|
    |icmp_ln1701_fu_1659_p2            |      icmp|   0|  0|  13|          16|           1|
    |icmp_ln520_fu_1635_p2             |      icmp|   0|  0|  13|          16|          16|
    |or_ln1050_fu_1881_p2              |        or|   0|  0|  16|          16|          16|
    |or_ln1285_fu_1779_p2              |        or|   0|  0|  16|          16|          16|
    |or_ln1336_fu_1755_p2              |        or|   0|  0|  16|          16|          16|
    |or_ln1370_fu_3080_p2              |        or|   0|  0|   6|           6|           6|
    |or_ln1449_fu_2224_p2              |        or|   0|  0|   2|           1|           1|
    |or_ln1518_fu_1677_p2              |        or|   0|  0|  16|          16|          16|
    |or_ln1701_fu_1653_p2              |        or|   0|  0|  16|          16|          16|
    |or_ln1733_fu_3004_p2              |        or|   0|  0|   4|           4|           4|
    |tBarSel_fu_3039_p2                |        or|   0|  0|   5|           5|           5|
    |b_1_fu_4134_p3                    |    select|   0|  0|   8|           1|           8|
    |b_2_fu_4149_p3                    |    select|   0|  0|   8|           1|           8|
    |b_fu_2698_p3                      |    select|   0|  0|  16|           1|           8|
    |conv2_i_i_i_cast_cast_fu_1579_p3  |    select|   0|  0|   2|           1|           2|
    |g_1_fu_4110_p3                    |    select|   0|  0|   8|           1|           8|
    |g_2_fu_4142_p3                    |    select|   0|  0|   8|           1|           8|
    |g_fu_2578_p3                      |    select|   0|  0|  16|           1|           8|
    |grp_fu_1545_p3                    |    select|   0|  0|   3|           1|           3|
    |op_assign_5_fu_4349_p3            |    select|   0|  0|   8|           1|           8|
    |op_assign_7_fu_4259_p3            |    select|   0|  0|   8|           1|           8|
    |op_assign_8_fu_3959_p3            |    select|   0|  0|   8|           1|           8|
    |r_1_fu_3298_p3                    |    select|   0|  0|   8|           1|           2|
    |r_2_fu_3338_p3                    |    select|   0|  0|   8|           1|           8|
    |r_fu_2560_p3                      |    select|   0|  0|  16|           1|           8|
    |select_ln1027_fu_4552_p3          |    select|   0|  0|   8|           1|           8|
    |select_ln1217_fu_4360_p3          |    select|   0|  0|   8|           1|           8|
    |select_ln1261_fu_4094_p3          |    select|   0|  0|  17|           1|           8|
    |select_ln1262_fu_4118_p3          |    select|   0|  0|  17|           1|           8|
    |select_ln1311_fu_3406_p3          |    select|   0|  0|   8|           1|           8|
    |select_ln1377_fu_4270_p3          |    select|   0|  0|   8|           1|           8|
    |select_ln1487_fu_4030_p3          |    select|   0|  0|   8|           1|           8|
    |select_ln1558_fu_3970_p3          |    select|   0|  0|   8|           1|           8|
    |select_ln1584_fu_3636_p3          |    select|   0|  0|  16|           1|           1|
    |select_ln1817_fu_3929_p3          |    select|   0|  0|   8|           1|           8|
    |select_ln214_1_fu_4558_p3         |    select|   0|  0|   9|           1|           8|
    |select_ln214_2_fu_4036_p3         |    select|   0|  0|   9|           1|           8|
    |select_ln214_3_fu_4519_p3         |    select|   0|  0|   9|           1|           8|
    |select_ln214_4_fu_4322_p3         |    select|   0|  0|   9|           1|           8|
    |select_ln520_1_fu_4286_p3         |    select|   0|  0|   8|           1|           8|
    |select_ln520_2_fu_3986_p3         |    select|   0|  0|   8|           1|           8|
    |select_ln520_fu_4376_p3           |    select|   0|  0|   8|           1|           8|
    |select_ln673_fu_3607_p3           |    select|   0|  0|   2|           1|           2|
    |tmp_5_fu_3680_p2                  |    select|   0|  0|   8|           1|           1|
    |tmp_5_fu_3680_p3                  |    select|   0|  0|   8|           1|           1|
    |tmp_5_fu_3680_p4                  |    select|   0|  0|   3|           1|           3|
    |tmp_val_3_fu_3647_p3              |    select|   0|  0|   8|           1|           1|
    |ap_enable_pp0                     |       xor|   0|  0|   2|           1|           2|
    |xor_ln1498_1_fu_3805_p2           |       xor|   0|  0|   2|           1|           1|
    |xor_ln1498_2_fu_3851_p2           |       xor|   0|  0|   2|           1|           1|
    |xor_ln1498_fu_3759_p2             |       xor|   0|  0|   2|           1|           1|
    |xor_ln1713_fu_2738_p2             |       xor|   0|  0|   2|           1|           2|
    +----------------------------------+----------+----+---+----+------------+------------+
    |Total                             |          |   0|  0|1850|        1164|         904|
    +----------------------------------+----------+----+---+----+------------+------------+

    * Multiplexer: 
    +-------------------------------------------+-----+-----------+-----+-----------+
    |                    Name                   | LUT | Input Size| Bits| Total Bits|
    +-------------------------------------------+-----+-----------+-----+-----------+
    |ap_done_int                                |    9|          2|    1|          2|
    |ap_enable_reg_pp0_iter1                    |    9|          2|    1|          2|
    |ap_phi_reg_pp0_iter19_phi_ln1099_reg_1534  |    9|          2|    2|          4|
    |ap_phi_reg_pp0_iter19_phi_ln1120_reg_1523  |    9|          2|    2|          4|
    |ap_phi_reg_pp0_iter19_phi_ln1141_reg_1512  |    9|          2|    2|          4|
    |ap_phi_reg_pp0_iter19_phi_ln1162_reg_1501  |    9|          2|    2|          4|
    |ap_phi_reg_pp0_iter19_phi_ln1183_reg_1490  |    9|          2|    2|          4|
    |ap_phi_reg_pp0_iter19_phi_ln1459_reg_1479  |    9|          2|    2|          4|
    |ap_phi_reg_pp0_iter19_phi_ln1474_reg_1468  |    9|          2|    2|          4|
    |ap_phi_reg_pp0_iter1_hHatch_reg_1446       |    9|          2|    1|          2|
    |ap_phi_reg_pp0_iter1_phi_ln1099_reg_1534   |    9|          2|    2|          4|
    |ap_phi_reg_pp0_iter1_phi_ln1120_reg_1523   |    9|          2|    2|          4|
    |ap_phi_reg_pp0_iter1_phi_ln1141_reg_1512   |    9|          2|    2|          4|
    |ap_phi_reg_pp0_iter1_phi_ln1162_reg_1501   |    9|          2|    2|          4|
    |ap_phi_reg_pp0_iter1_phi_ln1183_reg_1490   |    9|          2|    2|          4|
    |ap_phi_reg_pp0_iter2_hHatch_reg_1446       |   15|          3|    1|          3|
    |ap_phi_reg_pp0_iter3_phi_ln1459_reg_1479   |    9|          2|    2|          4|
    |ap_phi_reg_pp0_iter3_phi_ln1474_reg_1468   |    9|          2|    2|          4|
    |ap_sig_allocacmp_x_4                       |    9|          2|   16|         32|
    |bckgndYUV_blk_n                            |    9|          2|    1|          2|
    |hBarSel                                    |   15|          3|    3|          9|
    |hBarSel_1                                  |   15|          3|    3|          9|
    |hBarSel_2                                  |   15|          3|    8|         24|
    |hBarSel_3                                  |   15|          3|    3|          9|
    |hBarSel_3_loc_1_out_o                      |   15|          3|    8|         24|
    |hBarSel_4_loc_1_out_o                      |   15|          3|    8|         24|
    |hBarSel_5_loc_1_out_o                      |   15|          3|    8|         24|
    |hBarSel_loc_1_out_o                        |   15|          3|    8|         24|
    |hdata_flag_1_fu_506                        |    9|          2|    1|          2|
    |hdata_loc_1_out_o                          |    9|          2|   16|         32|
    |p_0_0_0_0_0553_out_o                       |  133|         28|    8|        224|
    |p_0_1_0_0_0555_out_o                       |  158|         34|    8|        272|
    |p_0_2_0_0_0557_out_o                       |  113|         23|    8|        184|
    |phi_mul_fu_494                             |    9|          2|   16|         32|
    |rampVal                                    |   15|          3|    8|         24|
    |rampVal_2_flag_1_fu_502                    |    9|          2|    1|          2|
    |rampVal_2_loc_1_out_o                      |    9|          2|   16|         32|
    |rampVal_3_flag_1_fu_510                    |    9|          2|    1|          2|
    |rampVal_3_loc_1_out_o                      |    9|          2|   16|         32|
    |rampVal_loc_1_out_o                        |   15|          3|   16|         48|
    |tpgBarSelRgb_b_address0                    |   21|          4|    3|         12|
    |tpgBarSelRgb_g_address0                    |   21|          4|    3|         12|
    |tpgBarSelRgb_r_address0                    |   21|          4|    3|         12|
    |tpgBarSelYuv_u_address0                    |   21|          4|    3|         12|
    |tpgBarSelYuv_v_address0                    |   21|          4|    3|         12|
    |tpgBarSelYuv_y_address0                    |   21|          4|    3|         12|
    |vBarSel                                    |   15|          3|    3|          9|
    |vBarSel_1                                  |   15|          3|    1|          3|
    |vBarSel_2                                  |   15|          3|    8|         24|
    |vBarSel_2_loc_1_out_o                      |   15|          3|    8|         24|
    |vBarSel_3_loc_1_out_o                      |   15|          3|    8|         24|
    |vBarSel_loc_1_out_o                        |   15|          3|    8|         24|
    |xBar_V                                     |   15|          3|   11|         33|
    |xCount_V                                   |   15|          3|   10|         30|
    |xCount_V_1                                 |   15|          3|   10|         30|
    |xCount_V_2                                 |   27|          5|   10|         50|
    |xCount_V_3                                 |   15|          3|   10|         30|
    |x_fu_498                                   |    9|          2|   16|         32|
    |yCount_V                                   |   15|          3|   10|         30|
    |yCount_V_1                                 |   15|          3|    6|         18|
    |yCount_V_2                                 |    9|          2|   10|         20|
    |yCount_V_3                                 |   15|          3|   10|         30|
    |zonePlateVAddr                             |   15|          3|   16|         48|
    |zonePlateVAddr_loc_1_out_o                 |   15|          3|   16|         48|
    |zonePlateVDelta                            |    9|          2|   16|         32|
    +-------------------------------------------+-----+-----------+-----+-----------+
    |Total                                      | 1208|        250|  418|       1743|
    +-------------------------------------------+-----+-----------+-----+-----------+

    * Register: 
    +-------------------------------------------+----+----+-----+-----------+
    |                    Name                   | FF | LUT| Bits| Const Bits|
    +-------------------------------------------+----+----+-----+-----------+
    |Zplate_Hor_Control_Delta_read_reg_4845     |  16|   0|   16|          0|
    |Zplate_Hor_Control_Start_read_reg_4901     |  16|   0|   16|          0|
    |Zplate_Ver_Control_Delta_read_reg_4840     |  16|   0|   16|          0|
    |add_ln1240_reg_4996                        |  11|   0|   11|          0|
    |add_ln1244_reg_5038                        |  11|   0|   11|          0|
    |add_ln1314_reg_5450                        |   8|   0|    8|          0|
    |and_ln1292_reg_5018                        |   1|   0|    1|          0|
    |and_ln1341_reg_5055                        |   1|   0|    1|          0|
    |and_ln1404_reg_5002                        |   1|   0|    1|          0|
    |and_ln1523_reg_5030                        |   1|   0|    1|          0|
    |and_ln1706_reg_5026                        |   1|   0|    1|          0|
    |and_ln1756_reg_5289                        |   1|   0|    1|          0|
    |ap_CS_fsm                                  |   1|   0|    1|          0|
    |ap_done_reg                                |   1|   0|    1|          0|
    |ap_enable_reg_pp0_iter1                    |   1|   0|    1|          0|
    |ap_enable_reg_pp0_iter10                   |   1|   0|    1|          0|
    |ap_enable_reg_pp0_iter11                   |   1|   0|    1|          0|
    |ap_enable_reg_pp0_iter12                   |   1|   0|    1|          0|
    |ap_enable_reg_pp0_iter13                   |   1|   0|    1|          0|
    |ap_enable_reg_pp0_iter14                   |   1|   0|    1|          0|
    |ap_enable_reg_pp0_iter15                   |   1|   0|    1|          0|
    |ap_enable_reg_pp0_iter16                   |   1|   0|    1|          0|
    |ap_enable_reg_pp0_iter17                   |   1|   0|    1|          0|
    |ap_enable_reg_pp0_iter18                   |   1|   0|    1|          0|
    |ap_enable_reg_pp0_iter19                   |   1|   0|    1|          0|
    |ap_enable_reg_pp0_iter2                    |   1|   0|    1|          0|
    |ap_enable_reg_pp0_iter20                   |   1|   0|    1|          0|
    |ap_enable_reg_pp0_iter21                   |   1|   0|    1|          0|
    |ap_enable_reg_pp0_iter3                    |   1|   0|    1|          0|
    |ap_enable_reg_pp0_iter4                    |   1|   0|    1|          0|
    |ap_enable_reg_pp0_iter5                    |   1|   0|    1|          0|
    |ap_enable_reg_pp0_iter6                    |   1|   0|    1|          0|
    |ap_enable_reg_pp0_iter7                    |   1|   0|    1|          0|
    |ap_enable_reg_pp0_iter8                    |   1|   0|    1|          0|
    |ap_enable_reg_pp0_iter9                    |   1|   0|    1|          0|
    |ap_loop_exit_ready_pp0_iter10_reg          |   1|   0|    1|          0|
    |ap_loop_exit_ready_pp0_iter11_reg          |   1|   0|    1|          0|
    |ap_loop_exit_ready_pp0_iter12_reg          |   1|   0|    1|          0|
    |ap_loop_exit_ready_pp0_iter13_reg          |   1|   0|    1|          0|
    |ap_loop_exit_ready_pp0_iter14_reg          |   1|   0|    1|          0|
    |ap_loop_exit_ready_pp0_iter15_reg          |   1|   0|    1|          0|
    |ap_loop_exit_ready_pp0_iter16_reg          |   1|   0|    1|          0|
    |ap_loop_exit_ready_pp0_iter17_reg          |   1|   0|    1|          0|
    |ap_loop_exit_ready_pp0_iter18_reg          |   1|   0|    1|          0|
    |ap_loop_exit_ready_pp0_iter19_reg          |   1|   0|    1|          0|
    |ap_loop_exit_ready_pp0_iter1_reg           |   1|   0|    1|          0|
    |ap_loop_exit_ready_pp0_iter20_reg          |   1|   0|    1|          0|
    |ap_loop_exit_ready_pp0_iter2_reg           |   1|   0|    1|          0|
    |ap_loop_exit_ready_pp0_iter3_reg           |   1|   0|    1|          0|
    |ap_loop_exit_ready_pp0_iter4_reg           |   1|   0|    1|          0|
    |ap_loop_exit_ready_pp0_iter5_reg           |   1|   0|    1|          0|
    |ap_loop_exit_ready_pp0_iter6_reg           |   1|   0|    1|          0|
    |ap_loop_exit_ready_pp0_iter7_reg           |   1|   0|    1|          0|
    |ap_loop_exit_ready_pp0_iter8_reg           |   1|   0|    1|          0|
    |ap_loop_exit_ready_pp0_iter9_reg           |   1|   0|    1|          0|
    |ap_phi_reg_pp0_iter10_phi_ln1099_reg_1534  |   2|   0|    2|          0|
    |ap_phi_reg_pp0_iter10_phi_ln1120_reg_1523  |   2|   0|    2|          0|
    |ap_phi_reg_pp0_iter10_phi_ln1141_reg_1512  |   2|   0|    2|          0|
    |ap_phi_reg_pp0_iter10_phi_ln1162_reg_1501  |   2|   0|    2|          0|
    |ap_phi_reg_pp0_iter10_phi_ln1183_reg_1490  |   2|   0|    2|          0|
    |ap_phi_reg_pp0_iter10_phi_ln1459_reg_1479  |   2|   0|    2|          0|
    |ap_phi_reg_pp0_iter10_phi_ln1474_reg_1468  |   2|   0|    2|          0|
    |ap_phi_reg_pp0_iter11_phi_ln1099_reg_1534  |   2|   0|    2|          0|
    |ap_phi_reg_pp0_iter11_phi_ln1120_reg_1523  |   2|   0|    2|          0|
    |ap_phi_reg_pp0_iter11_phi_ln1141_reg_1512  |   2|   0|    2|          0|
    |ap_phi_reg_pp0_iter11_phi_ln1162_reg_1501  |   2|   0|    2|          0|
    |ap_phi_reg_pp0_iter11_phi_ln1183_reg_1490  |   2|   0|    2|          0|
    |ap_phi_reg_pp0_iter11_phi_ln1459_reg_1479  |   2|   0|    2|          0|
    |ap_phi_reg_pp0_iter11_phi_ln1474_reg_1468  |   2|   0|    2|          0|
    |ap_phi_reg_pp0_iter12_phi_ln1099_reg_1534  |   2|   0|    2|          0|
    |ap_phi_reg_pp0_iter12_phi_ln1120_reg_1523  |   2|   0|    2|          0|
    |ap_phi_reg_pp0_iter12_phi_ln1141_reg_1512  |   2|   0|    2|          0|
    |ap_phi_reg_pp0_iter12_phi_ln1162_reg_1501  |   2|   0|    2|          0|
    |ap_phi_reg_pp0_iter12_phi_ln1183_reg_1490  |   2|   0|    2|          0|
    |ap_phi_reg_pp0_iter12_phi_ln1459_reg_1479  |   2|   0|    2|          0|
    |ap_phi_reg_pp0_iter12_phi_ln1474_reg_1468  |   2|   0|    2|          0|
    |ap_phi_reg_pp0_iter13_phi_ln1099_reg_1534  |   2|   0|    2|          0|
    |ap_phi_reg_pp0_iter13_phi_ln1120_reg_1523  |   2|   0|    2|          0|
    |ap_phi_reg_pp0_iter13_phi_ln1141_reg_1512  |   2|   0|    2|          0|
    |ap_phi_reg_pp0_iter13_phi_ln1162_reg_1501  |   2|   0|    2|          0|
    |ap_phi_reg_pp0_iter13_phi_ln1183_reg_1490  |   2|   0|    2|          0|
    |ap_phi_reg_pp0_iter13_phi_ln1459_reg_1479  |   2|   0|    2|          0|
    |ap_phi_reg_pp0_iter13_phi_ln1474_reg_1468  |   2|   0|    2|          0|
    |ap_phi_reg_pp0_iter14_phi_ln1099_reg_1534  |   2|   0|    2|          0|
    |ap_phi_reg_pp0_iter14_phi_ln1120_reg_1523  |   2|   0|    2|          0|
    |ap_phi_reg_pp0_iter14_phi_ln1141_reg_1512  |   2|   0|    2|          0|
    |ap_phi_reg_pp0_iter14_phi_ln1162_reg_1501  |   2|   0|    2|          0|
    |ap_phi_reg_pp0_iter14_phi_ln1183_reg_1490  |   2|   0|    2|          0|
    |ap_phi_reg_pp0_iter14_phi_ln1459_reg_1479  |   2|   0|    2|          0|
    |ap_phi_reg_pp0_iter14_phi_ln1474_reg_1468  |   2|   0|    2|          0|
    |ap_phi_reg_pp0_iter15_phi_ln1099_reg_1534  |   2|   0|    2|          0|
    |ap_phi_reg_pp0_iter15_phi_ln1120_reg_1523  |   2|   0|    2|          0|
    |ap_phi_reg_pp0_iter15_phi_ln1141_reg_1512  |   2|   0|    2|          0|
    |ap_phi_reg_pp0_iter15_phi_ln1162_reg_1501  |   2|   0|    2|          0|
    |ap_phi_reg_pp0_iter15_phi_ln1183_reg_1490  |   2|   0|    2|          0|
    |ap_phi_reg_pp0_iter15_phi_ln1459_reg_1479  |   2|   0|    2|          0|
    |ap_phi_reg_pp0_iter15_phi_ln1474_reg_1468  |   2|   0|    2|          0|
    |ap_phi_reg_pp0_iter16_phi_ln1099_reg_1534  |   2|   0|    2|          0|
    |ap_phi_reg_pp0_iter16_phi_ln1120_reg_1523  |   2|   0|    2|          0|
    |ap_phi_reg_pp0_iter16_phi_ln1141_reg_1512  |   2|   0|    2|          0|
    |ap_phi_reg_pp0_iter16_phi_ln1162_reg_1501  |   2|   0|    2|          0|
    |ap_phi_reg_pp0_iter16_phi_ln1183_reg_1490  |   2|   0|    2|          0|
    |ap_phi_reg_pp0_iter16_phi_ln1459_reg_1479  |   2|   0|    2|          0|
    |ap_phi_reg_pp0_iter16_phi_ln1474_reg_1468  |   2|   0|    2|          0|
    |ap_phi_reg_pp0_iter17_phi_ln1099_reg_1534  |   2|   0|    2|          0|
    |ap_phi_reg_pp0_iter17_phi_ln1120_reg_1523  |   2|   0|    2|          0|
    |ap_phi_reg_pp0_iter17_phi_ln1141_reg_1512  |   2|   0|    2|          0|
    |ap_phi_reg_pp0_iter17_phi_ln1162_reg_1501  |   2|   0|    2|          0|
    |ap_phi_reg_pp0_iter17_phi_ln1183_reg_1490  |   2|   0|    2|          0|
    |ap_phi_reg_pp0_iter17_phi_ln1459_reg_1479  |   2|   0|    2|          0|
    |ap_phi_reg_pp0_iter17_phi_ln1474_reg_1468  |   2|   0|    2|          0|
    |ap_phi_reg_pp0_iter18_phi_ln1099_reg_1534  |   2|   0|    2|          0|
    |ap_phi_reg_pp0_iter18_phi_ln1120_reg_1523  |   2|   0|    2|          0|
    |ap_phi_reg_pp0_iter18_phi_ln1141_reg_1512  |   2|   0|    2|          0|
    |ap_phi_reg_pp0_iter18_phi_ln1162_reg_1501  |   2|   0|    2|          0|
    |ap_phi_reg_pp0_iter18_phi_ln1183_reg_1490  |   2|   0|    2|          0|
    |ap_phi_reg_pp0_iter18_phi_ln1459_reg_1479  |   2|   0|    2|          0|
    |ap_phi_reg_pp0_iter18_phi_ln1474_reg_1468  |   2|   0|    2|          0|
    |ap_phi_reg_pp0_iter19_phi_ln1099_reg_1534  |   2|   0|    2|          0|
    |ap_phi_reg_pp0_iter19_phi_ln1120_reg_1523  |   2|   0|    2|          0|
    |ap_phi_reg_pp0_iter19_phi_ln1141_reg_1512  |   2|   0|    2|          0|
    |ap_phi_reg_pp0_iter19_phi_ln1162_reg_1501  |   2|   0|    2|          0|
    |ap_phi_reg_pp0_iter19_phi_ln1183_reg_1490  |   2|   0|    2|          0|
    |ap_phi_reg_pp0_iter19_phi_ln1459_reg_1479  |   2|   0|    2|          0|
    |ap_phi_reg_pp0_iter19_phi_ln1474_reg_1468  |   2|   0|    2|          0|
    |ap_phi_reg_pp0_iter1_hHatch_reg_1446       |   1|   0|    1|          0|
    |ap_phi_reg_pp0_iter1_phi_ln1099_reg_1534   |   2|   0|    2|          0|
    |ap_phi_reg_pp0_iter1_phi_ln1120_reg_1523   |   2|   0|    2|          0|
    |ap_phi_reg_pp0_iter1_phi_ln1141_reg_1512   |   2|   0|    2|          0|
    |ap_phi_reg_pp0_iter1_phi_ln1162_reg_1501   |   2|   0|    2|          0|
    |ap_phi_reg_pp0_iter1_phi_ln1183_reg_1490   |   2|   0|    2|          0|
    |ap_phi_reg_pp0_iter1_phi_ln1459_reg_1479   |   2|   0|    2|          0|
    |ap_phi_reg_pp0_iter1_phi_ln1474_reg_1468   |   2|   0|    2|          0|
    |ap_phi_reg_pp0_iter2_hHatch_reg_1446       |   1|   0|    1|          0|
    |ap_phi_reg_pp0_iter2_phi_ln1099_reg_1534   |   2|   0|    2|          0|
    |ap_phi_reg_pp0_iter2_phi_ln1120_reg_1523   |   2|   0|    2|          0|
    |ap_phi_reg_pp0_iter2_phi_ln1141_reg_1512   |   2|   0|    2|          0|
    |ap_phi_reg_pp0_iter2_phi_ln1162_reg_1501   |   2|   0|    2|          0|
    |ap_phi_reg_pp0_iter2_phi_ln1183_reg_1490   |   2|   0|    2|          0|
    |ap_phi_reg_pp0_iter2_phi_ln1459_reg_1479   |   2|   0|    2|          0|
    |ap_phi_reg_pp0_iter2_phi_ln1474_reg_1468   |   2|   0|    2|          0|
    |ap_phi_reg_pp0_iter3_phi_ln1099_reg_1534   |   2|   0|    2|          0|
    |ap_phi_reg_pp0_iter3_phi_ln1120_reg_1523   |   2|   0|    2|          0|
    |ap_phi_reg_pp0_iter3_phi_ln1141_reg_1512   |   2|   0|    2|          0|
    |ap_phi_reg_pp0_iter3_phi_ln1162_reg_1501   |   2|   0|    2|          0|
    |ap_phi_reg_pp0_iter3_phi_ln1183_reg_1490   |   2|   0|    2|          0|
    |ap_phi_reg_pp0_iter3_phi_ln1459_reg_1479   |   2|   0|    2|          0|
    |ap_phi_reg_pp0_iter3_phi_ln1474_reg_1468   |   2|   0|    2|          0|
    |ap_phi_reg_pp0_iter4_phi_ln1099_reg_1534   |   2|   0|    2|          0|
    |ap_phi_reg_pp0_iter4_phi_ln1120_reg_1523   |   2|   0|    2|          0|
    |ap_phi_reg_pp0_iter4_phi_ln1141_reg_1512   |   2|   0|    2|          0|
    |ap_phi_reg_pp0_iter4_phi_ln1162_reg_1501   |   2|   0|    2|          0|
    |ap_phi_reg_pp0_iter4_phi_ln1183_reg_1490   |   2|   0|    2|          0|
    |ap_phi_reg_pp0_iter4_phi_ln1459_reg_1479   |   2|   0|    2|          0|
    |ap_phi_reg_pp0_iter4_phi_ln1474_reg_1468   |   2|   0|    2|          0|
    |ap_phi_reg_pp0_iter5_phi_ln1099_reg_1534   |   2|   0|    2|          0|
    |ap_phi_reg_pp0_iter5_phi_ln1120_reg_1523   |   2|   0|    2|          0|
    |ap_phi_reg_pp0_iter5_phi_ln1141_reg_1512   |   2|   0|    2|          0|
    |ap_phi_reg_pp0_iter5_phi_ln1162_reg_1501   |   2|   0|    2|          0|
    |ap_phi_reg_pp0_iter5_phi_ln1183_reg_1490   |   2|   0|    2|          0|
    |ap_phi_reg_pp0_iter5_phi_ln1459_reg_1479   |   2|   0|    2|          0|
    |ap_phi_reg_pp0_iter5_phi_ln1474_reg_1468   |   2|   0|    2|          0|
    |ap_phi_reg_pp0_iter6_phi_ln1099_reg_1534   |   2|   0|    2|          0|
    |ap_phi_reg_pp0_iter6_phi_ln1120_reg_1523   |   2|   0|    2|          0|
    |ap_phi_reg_pp0_iter6_phi_ln1141_reg_1512   |   2|   0|    2|          0|
    |ap_phi_reg_pp0_iter6_phi_ln1162_reg_1501   |   2|   0|    2|          0|
    |ap_phi_reg_pp0_iter6_phi_ln1183_reg_1490   |   2|   0|    2|          0|
    |ap_phi_reg_pp0_iter6_phi_ln1459_reg_1479   |   2|   0|    2|          0|
    |ap_phi_reg_pp0_iter6_phi_ln1474_reg_1468   |   2|   0|    2|          0|
    |ap_phi_reg_pp0_iter7_phi_ln1099_reg_1534   |   2|   0|    2|          0|
    |ap_phi_reg_pp0_iter7_phi_ln1120_reg_1523   |   2|   0|    2|          0|
    |ap_phi_reg_pp0_iter7_phi_ln1141_reg_1512   |   2|   0|    2|          0|
    |ap_phi_reg_pp0_iter7_phi_ln1162_reg_1501   |   2|   0|    2|          0|
    |ap_phi_reg_pp0_iter7_phi_ln1183_reg_1490   |   2|   0|    2|          0|
    |ap_phi_reg_pp0_iter7_phi_ln1459_reg_1479   |   2|   0|    2|          0|
    |ap_phi_reg_pp0_iter7_phi_ln1474_reg_1468   |   2|   0|    2|          0|
    |ap_phi_reg_pp0_iter8_phi_ln1099_reg_1534   |   2|   0|    2|          0|
    |ap_phi_reg_pp0_iter8_phi_ln1120_reg_1523   |   2|   0|    2|          0|
    |ap_phi_reg_pp0_iter8_phi_ln1141_reg_1512   |   2|   0|    2|          0|
    |ap_phi_reg_pp0_iter8_phi_ln1162_reg_1501   |   2|   0|    2|          0|
    |ap_phi_reg_pp0_iter8_phi_ln1183_reg_1490   |   2|   0|    2|          0|
    |ap_phi_reg_pp0_iter8_phi_ln1459_reg_1479   |   2|   0|    2|          0|
    |ap_phi_reg_pp0_iter8_phi_ln1474_reg_1468   |   2|   0|    2|          0|
    |ap_phi_reg_pp0_iter9_phi_ln1099_reg_1534   |   2|   0|    2|          0|
    |ap_phi_reg_pp0_iter9_phi_ln1120_reg_1523   |   2|   0|    2|          0|
    |ap_phi_reg_pp0_iter9_phi_ln1141_reg_1512   |   2|   0|    2|          0|
    |ap_phi_reg_pp0_iter9_phi_ln1162_reg_1501   |   2|   0|    2|          0|
    |ap_phi_reg_pp0_iter9_phi_ln1183_reg_1490   |   2|   0|    2|          0|
    |ap_phi_reg_pp0_iter9_phi_ln1459_reg_1479   |   2|   0|    2|          0|
    |ap_phi_reg_pp0_iter9_phi_ln1474_reg_1468   |   2|   0|    2|          0|
    |bSerie_V                                   |  28|   0|   28|          0|
    |b_reg_5235                                 |  16|   0|   16|          0|
    |barWidthMinSamples_read_reg_4824           |  10|   0|   10|          0|
    |barWidth_cast_cast_reg_4935                |  11|   0|   12|          1|
    |barWidth_read_reg_4856                     |  11|   0|   11|          0|
    |bckgndId_load_read_reg_4897                |   8|   0|    8|          0|
    |cmp126_i_read_reg_4786                     |   1|   0|    1|          0|
    |cmp141_i_read_reg_4868                     |   1|   0|    1|          0|
    |cmp2_i321_read_reg_4880                    |   1|   0|    1|          0|
    |cmp35_i526_read_reg_4809                   |   1|   0|    1|          0|
    |cmp59_i_read_reg_4790                      |   1|   0|    1|          0|
    |colorFormatLocal_read_reg_4876             |   8|   0|    8|          0|
    |gSerie_V                                   |  28|   0|   28|          0|
    |g_reg_5202                                 |  16|   0|   16|          0|
    |hdata_flag_1_fu_506                        |   1|   0|    1|          0|
    |icmp_ln1027_1_reg_5063                     |   1|   0|    1|          0|
    |icmp_ln1027_5_reg_5059                     |   1|   0|    1|          0|
    |icmp_ln1027_6_reg_5034                     |   1|   0|    1|          0|
    |icmp_ln1027_reg_4973                       |   1|   0|    1|          0|
    |icmp_ln1050_reg_5022                       |   1|   0|    1|          0|
    |icmp_ln1217_read_reg_4861                  |   1|   0|    1|          0|
    |icmp_ln1261_reg_5393                       |   1|   0|    1|          0|
    |icmp_ln1262_reg_5398                       |   1|   0|    1|          0|
    |icmp_ln1285_reg_5014                       |   1|   0|    1|          0|
    |icmp_ln1336_reg_5010                       |   1|   0|    1|          0|
    |icmp_ln1428_reg_5006                       |   1|   0|    1|          0|
    |icmp_ln1518_reg_4992                       |   1|   0|    1|          0|
    |icmp_ln1584_reg_4987                       |   1|   0|    1|          0|
    |icmp_ln1701_reg_4983                       |   1|   0|    1|          0|
    |icmp_ln520_reg_4969                        |   1|   0|    1|          0|
    |lshr_ln1_reg_5081                          |  11|   0|   11|          0|
    |or_ln1449_reg_5067                         |   1|   0|    1|          0|
    |phi_mul_fu_494                             |  16|   0|   16|          0|
    |pix_val_V_5_read_reg_4927                  |   8|   0|    8|          0|
    |pix_val_V_read_reg_4919                    |   8|   0|    8|          0|
    |rSerie_V                                   |  28|   0|   28|          0|
    |r_2_reg_5403                               |   8|   0|    8|          0|
    |r_reg_5196                                 |  16|   0|   16|          0|
    |rampVal_2_flag_1_fu_502                    |   1|   0|    1|          0|
    |rampVal_3_flag_1_fu_510                    |   1|   0|    1|          0|
    |sub_i_i_i_read_reg_4833                    |  11|   0|   11|          0|
    |tmp_13_reg_5156                            |  24|   0|   24|          0|
    |tmp_15_reg_5166                            |  24|   0|   24|          0|
    |tmp_17_reg_5212                            |  24|   0|   24|          0|
    |trunc_ln1236_1_reg_5151                    |  16|   0|   16|          0|
    |trunc_ln1240_1_reg_5161                    |  16|   0|   16|          0|
    |trunc_ln1244_1_reg_5207                    |  16|   0|   16|          0|
    |trunc_ln520_2_reg_4962                     |  11|   0|   11|          0|
    |trunc_ln520_reg_4950                       |   1|   0|    1|          0|
    |u_reg_5383                                 |  17|   0|   17|          0|
    |vHatch                                     |   1|   0|    1|          0|
    |v_reg_5388                                 |  17|   0|   17|          0|
    |xBar_V                                     |  11|   0|   11|          0|
    |xCount_V                                   |  10|   0|   10|          0|
    |xCount_V_1                                 |  10|   0|   10|          0|
    |xCount_V_2                                 |  10|   0|   10|          0|
    |xCount_V_3                                 |  10|   0|   10|          0|
    |x_fu_498                                   |  16|   0|   16|          0|
    |yCount_V                                   |  10|   0|   10|          0|
    |yCount_V_1                                 |   6|   0|    6|          0|
    |yCount_V_2                                 |  10|   0|   10|          0|
    |yCount_V_3                                 |  10|   0|   10|          0|
    |zext_ln1032_cast_reg_4940                  |   8|   0|   16|          8|
    |zext_ln1257_1_reg_5223                     |  16|   0|   24|          8|
    |zonePlateVDelta                            |  16|   0|   16|          0|
    |add_ln1240_reg_4996                        |  64|  32|   11|          0|
    |add_ln1244_reg_5038                        |  64|  32|   11|          0|
    |and_ln1292_reg_5018                        |  64|  32|    1|          0|
    |and_ln1341_reg_5055                        |  64|  32|    1|          0|
    |and_ln1523_reg_5030                        |  64|  32|    1|          0|
    |and_ln1706_reg_5026                        |  64|  32|    1|          0|
    |b_reg_5235                                 |  64|  32|   16|          0|
    |g_reg_5202                                 |  64|  32|   16|          0|
    |icmp_ln1027_1_reg_5063                     |  64|  32|    1|          0|
    |icmp_ln1027_5_reg_5059                     |  64|  32|    1|          0|
    |icmp_ln1027_6_reg_5034                     |  64|  32|    1|          0|
    |icmp_ln1027_reg_4973                       |  64|  32|    1|          0|
    |icmp_ln1050_reg_5022                       |  64|  32|    1|          0|
    |icmp_ln1285_reg_5014                       |  64|  32|    1|          0|
    |icmp_ln1336_reg_5010                       |  64|  32|    1|          0|
    |icmp_ln1518_reg_4992                       |  64|  32|    1|          0|
    |icmp_ln1584_reg_4987                       |  64|  32|    1|          0|
    |icmp_ln1701_reg_4983                       |  64|  32|    1|          0|
    |icmp_ln520_reg_4969                        |  64|  32|    1|          0|
    |lshr_ln1_reg_5081                          |  64|  32|   11|          0|
    |or_ln1449_reg_5067                         |  64|  32|    1|          0|
    |r_reg_5196                                 |  64|  32|   16|          0|
    |trunc_ln520_2_reg_4962                     |  64|  32|   11|          0|
    |trunc_ln520_reg_4950                       |  64|  32|    1|          0|
    +-------------------------------------------+----+----+-----+-----------+
    |Total                                      |2507| 768| 1097|         17|
    +-------------------------------------------+----+----+-----+-----------+



================================================================
== Interface
================================================================
* Summary: 
+--------------------------------------+-----+-----+------------+-----------------------------------------+--------------+
|               RTL Ports              | Dir | Bits|  Protocol  |              Source Object              |    C Type    |
+--------------------------------------+-----+-----+------------+-----------------------------------------+--------------+
|ap_clk                                |   in|    1|  ap_ctrl_hs|  tpgBackground_Pipeline_VITIS_LOOP_520_2|  return value|
|ap_rst                                |   in|    1|  ap_ctrl_hs|  tpgBackground_Pipeline_VITIS_LOOP_520_2|  return value|
|ap_start                              |   in|    1|  ap_ctrl_hs|  tpgBackground_Pipeline_VITIS_LOOP_520_2|  return value|
|ap_done                               |  out|    1|  ap_ctrl_hs|  tpgBackground_Pipeline_VITIS_LOOP_520_2|  return value|
|ap_idle                               |  out|    1|  ap_ctrl_hs|  tpgBackground_Pipeline_VITIS_LOOP_520_2|  return value|
|ap_ready                              |  out|    1|  ap_ctrl_hs|  tpgBackground_Pipeline_VITIS_LOOP_520_2|  return value|
|bckgndYUV_din                         |  out|   24|     ap_fifo|                                bckgndYUV|       pointer|
|bckgndYUV_num_data_valid              |   in|    5|     ap_fifo|                                bckgndYUV|       pointer|
|bckgndYUV_fifo_cap                    |   in|    5|     ap_fifo|                                bckgndYUV|       pointer|
|bckgndYUV_full_n                      |   in|    1|     ap_fifo|                                bckgndYUV|       pointer|
|bckgndYUV_write                       |  out|    1|     ap_fifo|                                bckgndYUV|       pointer|
|rampVal_3_flag_0                      |   in|    1|     ap_none|                         rampVal_3_flag_0|        scalar|
|hdata_flag_0                          |   in|    1|     ap_none|                             hdata_flag_0|        scalar|
|rampVal_2_flag_0                      |   in|    1|     ap_none|                         rampVal_2_flag_0|        scalar|
|loopWidth                             |   in|   16|   ap_stable|                                loopWidth|        scalar|
|pix_val_V_5                           |   in|    8|   ap_stable|                              pix_val_V_5|        scalar|
|pix_val_V                             |   in|    8|   ap_stable|                                pix_val_V|        scalar|
|conv2_i_i_i351                        |   in|    8|   ap_stable|                           conv2_i_i_i351|        scalar|
|conv2_i_i_i333_cast_cast              |   in|    5|   ap_stable|                 conv2_i_i_i333_cast_cast|        scalar|
|conv2_i_i_i_cast                      |   in|    1|   ap_stable|                         conv2_i_i_i_cast|        scalar|
|select_ln214                          |   in|    8|     ap_none|                             select_ln214|        scalar|
|conv2_i_i10_i349_cast_cast_cast_cast  |   in|    3|   ap_stable|     conv2_i_i10_i349_cast_cast_cast_cast|        scalar|
|conv2_i_i10_i331                      |   in|    8|   ap_stable|                         conv2_i_i10_i331|        scalar|
|conv2_i_i10_i326                      |   in|    8|   ap_stable|                         conv2_i_i10_i326|        scalar|
|rampStart_1                           |   in|    8|     ap_none|                              rampStart_1|        scalar|
|Zplate_Hor_Control_Start              |   in|   16|   ap_stable|                 Zplate_Hor_Control_Start|        scalar|
|bckgndId_load                         |   in|    8|   ap_stable|                            bckgndId_load|        scalar|
|cmp2_i321                             |   in|    1|   ap_stable|                                cmp2_i321|        scalar|
|zext_ln1032                           |   in|    8|     ap_none|                              zext_ln1032|        scalar|
|y                                     |   in|   16|     ap_none|                                        y|        scalar|
|colorFormatLocal                      |   in|    8|   ap_stable|                         colorFormatLocal|        scalar|
|cmp141_i                              |   in|    1|   ap_stable|                                 cmp141_i|        scalar|
|icmp_ln1217                           |   in|    1|   ap_stable|                              icmp_ln1217|        scalar|
|barWidth_cast                         |   in|   11|   ap_stable|                            barWidth_cast|        scalar|
|barWidth                              |   in|   11|   ap_stable|                                 barWidth|        scalar|
|shl_ln                                |   in|   16|     ap_none|                                   shl_ln|        scalar|
|Zplate_Hor_Control_Delta              |   in|   16|   ap_stable|                 Zplate_Hor_Control_Delta|        scalar|
|Zplate_Ver_Control_Start              |   in|   16|   ap_stable|                 Zplate_Ver_Control_Start|        scalar|
|cmp12_i                               |   in|    1|     ap_none|                                  cmp12_i|        scalar|
|Zplate_Ver_Control_Delta              |   in|   16|   ap_stable|                 Zplate_Ver_Control_Delta|        scalar|
|sub_i_i_i                             |   in|   11|   ap_stable|                                sub_i_i_i|        scalar|
|barWidthMinSamples                    |   in|   10|   ap_stable|                       barWidthMinSamples|        scalar|
|icmp_ln1404_1                         |   in|    1|     ap_none|                            icmp_ln1404_1|        scalar|
|icmp_ln1404                           |   in|    1|     ap_none|                              icmp_ln1404|        scalar|
|sub40_i                               |   in|   17|   ap_stable|                                  sub40_i|        scalar|
|add_ln1488                            |   in|    8|     ap_none|                               add_ln1488|        scalar|
|cmp35_i526                            |   in|    1|   ap_stable|                               cmp35_i526|        scalar|
|or_ln1592                             |   in|    1|     ap_none|                                or_ln1592|        scalar|
|or_ln1592_1                           |   in|    1|     ap_none|                              or_ln1592_1|        scalar|
|or_ln1592_2                           |   in|    1|     ap_none|                              or_ln1592_2|        scalar|
|cmp59_i                               |   in|    1|   ap_stable|                                  cmp59_i|        scalar|
|cmp126_i                              |   in|    1|   ap_stable|                                 cmp126_i|        scalar|
|rampVal_3_flag_1_out                  |  out|    1|      ap_vld|                     rampVal_3_flag_1_out|       pointer|
|rampVal_3_flag_1_out_ap_vld           |  out|    1|      ap_vld|                     rampVal_3_flag_1_out|       pointer|
|rampVal_3_new_1_out                   |  out|   16|      ap_vld|                      rampVal_3_new_1_out|       pointer|
|rampVal_3_new_1_out_ap_vld            |  out|    1|      ap_vld|                      rampVal_3_new_1_out|       pointer|
|rampVal_3_loc_1_out_i                 |   in|   16|     ap_ovld|                      rampVal_3_loc_1_out|       pointer|
|rampVal_3_loc_1_out_o                 |  out|   16|     ap_ovld|                      rampVal_3_loc_1_out|       pointer|
|rampVal_3_loc_1_out_o_ap_vld          |  out|    1|     ap_ovld|                      rampVal_3_loc_1_out|       pointer|
|rampVal_loc_1_out_i                   |   in|   16|     ap_ovld|                        rampVal_loc_1_out|       pointer|
|rampVal_loc_1_out_o                   |  out|   16|     ap_ovld|                        rampVal_loc_1_out|       pointer|
|rampVal_loc_1_out_o_ap_vld            |  out|    1|     ap_ovld|                        rampVal_loc_1_out|       pointer|
|hBarSel_4_loc_1_out_i                 |   in|    8|     ap_ovld|                      hBarSel_4_loc_1_out|       pointer|
|hBarSel_4_loc_1_out_o                 |  out|    8|     ap_ovld|                      hBarSel_4_loc_1_out|       pointer|
|hBarSel_4_loc_1_out_o_ap_vld          |  out|    1|     ap_ovld|                      hBarSel_4_loc_1_out|       pointer|
|zonePlateVAddr_loc_1_out_i            |   in|   16|     ap_ovld|                 zonePlateVAddr_loc_1_out|       pointer|
|zonePlateVAddr_loc_1_out_o            |  out|   16|     ap_ovld|                 zonePlateVAddr_loc_1_out|       pointer|
|zonePlateVAddr_loc_1_out_o_ap_vld     |  out|    1|     ap_ovld|                 zonePlateVAddr_loc_1_out|       pointer|
|vBarSel_loc_1_out_i                   |   in|    8|     ap_ovld|                        vBarSel_loc_1_out|       pointer|
|vBarSel_loc_1_out_o                   |  out|    8|     ap_ovld|                        vBarSel_loc_1_out|       pointer|
|vBarSel_loc_1_out_o_ap_vld            |  out|    1|     ap_ovld|                        vBarSel_loc_1_out|       pointer|
|hBarSel_loc_1_out_i                   |   in|    8|     ap_ovld|                        hBarSel_loc_1_out|       pointer|
|hBarSel_loc_1_out_o                   |  out|    8|     ap_ovld|                        hBarSel_loc_1_out|       pointer|
|hBarSel_loc_1_out_o_ap_vld            |  out|    1|     ap_ovld|                        hBarSel_loc_1_out|       pointer|
|hdata_flag_1_out                      |  out|    1|      ap_vld|                         hdata_flag_1_out|       pointer|
|hdata_flag_1_out_ap_vld               |  out|    1|      ap_vld|                         hdata_flag_1_out|       pointer|
|hdata_new_1_out                       |  out|   16|      ap_vld|                          hdata_new_1_out|       pointer|
|hdata_new_1_out_ap_vld                |  out|    1|      ap_vld|                          hdata_new_1_out|       pointer|
|hdata_loc_1_out_i                     |   in|   16|     ap_ovld|                          hdata_loc_1_out|       pointer|
|hdata_loc_1_out_o                     |  out|   16|     ap_ovld|                          hdata_loc_1_out|       pointer|
|hdata_loc_1_out_o_ap_vld              |  out|    1|     ap_ovld|                          hdata_loc_1_out|       pointer|
|vBarSel_2_loc_1_out_i                 |   in|    8|     ap_ovld|                      vBarSel_2_loc_1_out|       pointer|
|vBarSel_2_loc_1_out_o                 |  out|    8|     ap_ovld|                      vBarSel_2_loc_1_out|       pointer|
|vBarSel_2_loc_1_out_o_ap_vld          |  out|    1|     ap_ovld|                      vBarSel_2_loc_1_out|       pointer|
|hBarSel_3_loc_1_out_i                 |   in|    8|     ap_ovld|                      hBarSel_3_loc_1_out|       pointer|
|hBarSel_3_loc_1_out_o                 |  out|    8|     ap_ovld|                      hBarSel_3_loc_1_out|       pointer|
|hBarSel_3_loc_1_out_o_ap_vld          |  out|    1|     ap_ovld|                      hBarSel_3_loc_1_out|       pointer|
|rampVal_2_flag_1_out                  |  out|    1|      ap_vld|                     rampVal_2_flag_1_out|       pointer|
|rampVal_2_flag_1_out_ap_vld           |  out|    1|      ap_vld|                     rampVal_2_flag_1_out|       pointer|
|rampVal_2_new_1_out                   |  out|   16|      ap_vld|                      rampVal_2_new_1_out|       pointer|
|rampVal_2_new_1_out_ap_vld            |  out|    1|      ap_vld|                      rampVal_2_new_1_out|       pointer|
|rampVal_2_loc_1_out_i                 |   in|   16|     ap_ovld|                      rampVal_2_loc_1_out|       pointer|
|rampVal_2_loc_1_out_o                 |  out|   16|     ap_ovld|                      rampVal_2_loc_1_out|       pointer|
|rampVal_2_loc_1_out_o_ap_vld          |  out|    1|     ap_ovld|                      rampVal_2_loc_1_out|       pointer|
|vBarSel_3_loc_1_out_i                 |   in|    8|     ap_ovld|                      vBarSel_3_loc_1_out|       pointer|
|vBarSel_3_loc_1_out_o                 |  out|    8|     ap_ovld|                      vBarSel_3_loc_1_out|       pointer|
|vBarSel_3_loc_1_out_o_ap_vld          |  out|    1|     ap_ovld|                      vBarSel_3_loc_1_out|       pointer|
|hBarSel_5_loc_1_out_i                 |   in|    8|     ap_ovld|                      hBarSel_5_loc_1_out|       pointer|
|hBarSel_5_loc_1_out_o                 |  out|    8|     ap_ovld|                      hBarSel_5_loc_1_out|       pointer|
|hBarSel_5_loc_1_out_o_ap_vld          |  out|    1|     ap_ovld|                      hBarSel_5_loc_1_out|       pointer|
|p_0_2_0_0_0557_out_i                  |   in|    8|     ap_ovld|                       p_0_2_0_0_0557_out|       pointer|
|p_0_2_0_0_0557_out_o                  |  out|    8|     ap_ovld|                       p_0_2_0_0_0557_out|       pointer|
|p_0_2_0_0_0557_out_o_ap_vld           |  out|    1|     ap_ovld|                       p_0_2_0_0_0557_out|       pointer|
|p_0_1_0_0_0555_out_i                  |   in|    8|     ap_ovld|                       p_0_1_0_0_0555_out|       pointer|
|p_0_1_0_0_0555_out_o                  |  out|    8|     ap_ovld|                       p_0_1_0_0_0555_out|       pointer|
|p_0_1_0_0_0555_out_o_ap_vld           |  out|    1|     ap_ovld|                       p_0_1_0_0_0555_out|       pointer|
|p_0_0_0_0_0553_out_i                  |   in|    8|     ap_ovld|                       p_0_0_0_0_0553_out|       pointer|
|p_0_0_0_0_0553_out_o                  |  out|    8|     ap_ovld|                       p_0_0_0_0_0553_out|       pointer|
|p_0_0_0_0_0553_out_o_ap_vld           |  out|    1|     ap_ovld|                       p_0_0_0_0_0553_out|       pointer|
|rampVal                               |  out|    8|      ap_vld|                                  rampVal|       pointer|
|rampVal_ap_vld                        |  out|    1|      ap_vld|                                  rampVal|       pointer|
|hBarSel_2                             |  out|    8|      ap_vld|                                hBarSel_2|       pointer|
|hBarSel_2_ap_vld                      |  out|    1|      ap_vld|                                hBarSel_2|       pointer|
|s                                     |   in|   32|     ap_none|                                        s|       pointer|
|zonePlateVAddr                        |  out|   16|      ap_vld|                           zonePlateVAddr|       pointer|
|zonePlateVAddr_ap_vld                 |  out|    1|      ap_vld|                           zonePlateVAddr|       pointer|
|hBarSel                               |  out|    3|      ap_vld|                                  hBarSel|       pointer|
|hBarSel_ap_vld                        |  out|    1|      ap_vld|                                  hBarSel|       pointer|
|vBarSel                               |  out|    3|      ap_vld|                                  vBarSel|       pointer|
|vBarSel_ap_vld                        |  out|    1|      ap_vld|                                  vBarSel|       pointer|
|hBarSel_3                             |  out|    3|      ap_vld|                                hBarSel_3|       pointer|
|hBarSel_3_ap_vld                      |  out|    1|      ap_vld|                                hBarSel_3|       pointer|
|vBarSel_2                             |  out|    8|      ap_vld|                                vBarSel_2|       pointer|
|vBarSel_2_ap_vld                      |  out|    1|      ap_vld|                                vBarSel_2|       pointer|
|hBarSel_1                             |  out|    3|      ap_vld|                                hBarSel_1|       pointer|
|hBarSel_1_ap_vld                      |  out|    1|      ap_vld|                                hBarSel_1|       pointer|
|vBarSel_1                             |  out|    1|      ap_vld|                                vBarSel_1|       pointer|
|vBarSel_1_ap_vld                      |  out|    1|      ap_vld|                                vBarSel_1|       pointer|
+--------------------------------------+-----+-----+------------+-----------------------------------------+--------------+

