20:31:31 **** Incremental Build of configuration Debug for project mb_timer ****
make all 
Building file: ../src/helloworld.c
Invoking: MicroBlaze gcc compiler
mb-gcc -Wall -O0 -g3 -c -fmessage-length=0 -MT"src/helloworld.o" -I/home/sean/Downloads/git/ECE385_FP/MB_BRAM_IMPL/workspace/mb_ddr3_top/export/mb_ddr3_top/sw/mb_ddr3_top/standalone_microblaze_0/bspinclude/include -mlittle-endian -mxl-barrel-shift -mxl-pattern-compare -mno-xl-soft-div -mcpu=v11.0 -mno-xl-soft-mul -mxl-multiply-high -mhard-float -Wl,--no-relax -ffunction-sections -fdata-sections -MMD -MP -MF"src/helloworld.d" -MT"src/helloworld.o" -o "src/helloworld.o" "../src/helloworld.c"
Finished building: ../src/helloworld.c
 
Building target: mb_timer.elf
Invoking: MicroBlaze gcc linker
mb-gcc -Wl,-T -Wl,../src/lscript.ld -L/home/sean/Downloads/git/ECE385_FP/MB_BRAM_IMPL/workspace/mb_ddr3_top/export/mb_ddr3_top/sw/mb_ddr3_top/standalone_microblaze_0/bsplib/lib -mlittle-endian -mxl-barrel-shift -mxl-pattern-compare -mno-xl-soft-div -mcpu=v11.0 -mno-xl-soft-mul -mxl-multiply-high -mhard-float -Wl,--no-relax -Wl,--gc-sections -o "mb_timer.elf" ./src/helloworld.o ./src/platform.o   -Wl,--start-group,-lxil,-lgcc,-lc,--end-group
Finished building target: mb_timer.elf
 
Invoking: MicroBlaze Print Size
mb-size mb_timer.elf  |tee "mb_timer.elf.size"
   text	   data	    bss	    dec	    hex	filename
  70904	   1800	   3192	  75896	  12878	mb_timer.elf
Finished building: mb_timer.elf.size
 

20:31:31 Build Finished (took 166ms)

