

================================================================
== Vitis HLS Report for 'tpgForeground_Pipeline_VITIS_LOOP_729_2'
================================================================
* Date:           Tue Nov 19 22:04:59 2024

* Version:        2022.2 (Build 3670227 on Oct 13 2022)
* Project:        prj
* Solution:       sol (Vivado IP Flow Target)
* Product family: spartan7
* Target device:  xc7s50-csga324-1


================================================================
== Performance Estimates
================================================================
+ Timing: 
    * Summary: 
    +--------+----------+----------+------------+
    |  Clock |  Target  | Estimated| Uncertainty|
    +--------+----------+----------+------------+
    |ap_clk  |  12.00 ns|  7.597 ns|     3.24 ns|
    +--------+----------+----------+------------+

+ Latency: 
    * Summary: 
    +---------+---------+----------+----------+-----+-----+---------+
    |  Latency (cycles) |  Latency (absolute) |  Interval | Pipeline|
    |   min   |   max   |    min   |    max   | min | max |   Type  |
    +---------+---------+----------+----------+-----+-----+---------+
    |        ?|        ?|         ?|         ?|    ?|    ?|       no|
    +---------+---------+----------+----------+-----+-----+---------+

    + Detail: 
        * Instance: 
        N/A

        * Loop: 
        +--------------------+---------+---------+----------+-----------+-----------+------+----------+
        |                    |  Latency (cycles) | Iteration|  Initiation Interval  | Trip |          |
        |      Loop Name     |   min   |   max   |  Latency |  achieved |   target  | Count| Pipelined|
        +--------------------+---------+---------+----------+-----------+-----------+------+----------+
        |- VITIS_LOOP_729_2  |        ?|        ?|         3|          1|          1|     ?|       yes|
        +--------------------+---------+---------+----------+-----------+-----------+------+----------+



================================================================
== Utilization Estimates
================================================================
* Summary: 
+-----------------+---------+-----+-------+-------+-----+
|       Name      | BRAM_18K| DSP |   FF  |  LUT  | URAM|
+-----------------+---------+-----+-------+-------+-----+
|DSP              |        -|    -|      -|      -|    -|
|Expression       |        -|    -|      0|    441|    -|
|FIFO             |        -|    -|      -|      -|    -|
|Instance         |        -|    -|      -|      -|    -|
|Memory           |        0|    -|      8|      1|    -|
|Multiplexer      |        -|    -|      -|    207|    -|
|Register         |        -|    -|    329|      -|    -|
+-----------------+---------+-----+-------+-------+-----+
|Total            |        0|    0|    337|    649|    0|
+-----------------+---------+-----+-------+-------+-----+
|Available        |      150|  120|  65200|  32600|    0|
+-----------------+---------+-----+-------+-------+-----+
|Utilization (%)  |        0|    0|     ~0|      1|    0|
+-----------------+---------+-----+-------+-------+-----+

+ Detail: 
    * Instance: 
    N/A

    * DSP: 
    N/A

    * Memory: 
    +------------+--------------------------------------------------------------+---------+---+----+-----+------+-----+------+-------------+
    |   Memory   |                            Module                            | BRAM_18K| FF| LUT| URAM| Words| Bits| Banks| W*Bits*Banks|
    +------------+--------------------------------------------------------------+---------+---+----+-----+------+-----+------+-------------+
    |whiYuv_2_U  |tpgForeground_Pipeline_VITIS_LOOP_729_2_whiYuv_2_ROM_AUTO_1R  |        0|  8|   1|    0|     3|    8|     1|           24|
    +------------+--------------------------------------------------------------+---------+---+----+-----+------+-----+------+-------------+
    |Total       |                                                              |        0|  8|   1|    0|     3|    8|     1|           24|
    +------------+--------------------------------------------------------------+---------+---+----+-----+------+-----+------+-------------+

    * FIFO: 
    N/A

    * Expression: 
    +----------------------------------+----------+----+---+----+------------+------------+
    |           Variable Name          | Operation| DSP| FF| LUT| Bitwidth P0| Bitwidth P1|
    +----------------------------------+----------+----+---+----+------------+------------+
    |add_ln1867_fu_511_p2              |         +|   0|  0|  23|          16|          16|
    |add_ln1871_fu_535_p2              |         +|   0|  0|  23|          16|          16|
    |boxBottom_fu_628_p2               |         +|   0|  0|  23|          16|          16|
    |boxRight_fu_623_p2                |         +|   0|  0|  23|          16|          16|
    |x_2_fu_437_p2                     |         +|   0|  0|  23|          16|           1|
    |sub_ln1869_fu_506_p2              |         -|   0|  0|  23|          16|          16|
    |sub_ln1873_fu_530_p2              |         -|   0|  0|  23|          16|          16|
    |and_ln1897_1_fu_665_p2            |       and|   0|  0|   2|           1|           1|
    |and_ln1897_2_fu_671_p2            |       and|   0|  0|   2|           1|           1|
    |and_ln1897_fu_677_p2              |       and|   0|  0|   2|           1|           1|
    |and_ln1902_fu_683_p2              |       and|   0|  0|   2|           1|           1|
    |ap_block_state3_pp0_stage0_iter2  |       and|   0|  0|   2|           1|           1|
    |ap_condition_224                  |       and|   0|  0|   2|           1|           1|
    |ap_condition_290                  |       and|   0|  0|   2|           1|           1|
    |ap_condition_385                  |       and|   0|  0|   2|           1|           1|
    |ap_condition_412                  |       and|   0|  0|   2|           1|           1|
    |ap_condition_669                  |       and|   0|  0|   2|           1|           1|
    |icmp_ln1839_fu_448_p2             |      icmp|   0|  0|  13|          16|           1|
    |icmp_ln1844_fu_458_p2             |      icmp|   0|  0|  13|          16|          16|
    |icmp_ln1849_fu_469_p2             |      icmp|   0|  0|  13|          16|          16|
    |icmp_ln1856_fu_484_p2             |      icmp|   0|  0|  13|          16|          16|
    |icmp_ln1861_fu_495_p2             |      icmp|   0|  0|  13|          16|          16|
    |icmp_ln1887_1_fu_644_p2           |      icmp|   0|  0|  13|          16|          16|
    |icmp_ln1887_fu_633_p2             |      icmp|   0|  0|  13|          16|          16|
    |icmp_ln1892_1_fu_660_p2           |      icmp|   0|  0|  13|          16|          16|
    |icmp_ln1892_fu_649_p2             |      icmp|   0|  0|  13|          16|          16|
    |icmp_ln1918_fu_564_p2             |      icmp|   0|  0|  13|          16|          16|
    |icmp_ln729_fu_432_p2              |      icmp|   0|  0|  13|          16|          16|
    |ap_block_pp0_stage0_01001         |        or|   0|  0|   2|           1|           1|
    |or_ln1839_fu_443_p2               |        or|   0|  0|  16|          16|          16|
    |or_ln1918_fu_569_p2               |        or|   0|  0|   2|           1|           1|
    |boxHCoord                         |    select|   0|  0|  16|           1|          16|
    |boxVCoord                         |    select|   0|  0|  16|           1|          16|
    |empty_fu_728_p3                   |    select|   0|  0|   8|           1|           8|
    |pixOut_val_V_13_fu_693_p3         |    select|   0|  0|   8|           1|           1|
    |pixOut_val_V_14_fu_700_p3         |    select|   0|  0|   8|           1|           1|
    |pixOut_val_V_15_fu_707_p3         |    select|   0|  0|   8|           1|           8|
    |pixOut_val_V_16_fu_714_p3         |    select|   0|  0|   8|           1|           8|
    |pixOut_val_V_8_fu_687_p3          |    select|   0|  0|   8|           1|           8|
    |select_ln1930_fu_574_p3           |    select|   0|  0|   3|           1|           3|
    |select_ln1946_fu_721_p3           |    select|   0|  0|   8|           1|           1|
    |ap_enable_pp0                     |       xor|   0|  0|   2|           1|           2|
    |xor_ln1887_fu_638_p2              |       xor|   0|  0|   2|           1|           2|
    |xor_ln1892_fu_654_p2              |       xor|   0|  0|   2|           1|           2|
    +----------------------------------+----------+----+---+----+------------+------------+
    |Total                             |          |   0|  0| 441|         329|         362|
    +----------------------------------+----------+----+---+----+------------+------------+

    * Multiplexer: 
    +------------------------------------------+----+-----------+-----+-----------+
    |                   Name                   | LUT| Input Size| Bits| Total Bits|
    +------------------------------------------+----+-----------+-----+-----------+
    |ap_done_int                               |   9|          2|    1|          2|
    |ap_enable_reg_pp0_iter1                   |   9|          2|    1|          2|
    |ap_enable_reg_pp0_iter2                   |   9|          2|    1|          2|
    |ap_phi_mux_empty_64_phi_fu_316_p8         |  15|          3|    1|          3|
    |ap_phi_mux_empty_65_phi_fu_299_p8         |  15|          3|    1|          3|
    |ap_phi_mux_phi_ln1930_phi_fu_333_p4       |  15|          3|    2|          6|
    |ap_phi_reg_pp0_iter2_pix_val_V_3_reg_357  |   9|          2|    8|         16|
    |ap_phi_reg_pp0_iter2_pix_val_V_4_reg_340  |   9|          2|    8|         16|
    |ap_phi_reg_pp0_iter2_pix_val_V_reg_376    |   9|          2|    8|         16|
    |ap_phi_reg_pp0_iter3_pix_val_V_3_reg_357  |  21|          4|    8|         32|
    |ap_phi_reg_pp0_iter3_pix_val_V_4_reg_340  |  21|          4|    8|         32|
    |ap_phi_reg_pp0_iter3_pix_val_V_reg_376    |  21|          4|    8|         32|
    |bckgndYUV_blk_n                           |   9|          2|    1|          2|
    |boxLeft_fu_134                            |   9|          2|   16|         32|
    |boxTop_fu_130                             |   9|          2|   16|         32|
    |ovrlayYUV_blk_n                           |   9|          2|    1|          2|
    |x_fu_126                                  |   9|          2|   16|         32|
    +------------------------------------------+----+-----------+-----+-----------+
    |Total                                     | 207|         43|  105|        262|
    +------------------------------------------+----+-----------+-----+-----------+

    * Register: 
    +------------------------------------------+----+----+-----+-----------+
    |                   Name                   | FF | LUT| Bits| Const Bits|
    +------------------------------------------+----+----+-----+-----------+
    |and10_i_read_reg_830                      |   1|   0|    1|          0|
    |and26_i_read_reg_842                      |   1|   0|    1|          0|
    |and4_i_read_reg_847                       |   1|   0|    1|          0|
    |ap_CS_fsm                                 |   1|   0|    1|          0|
    |ap_done_reg                               |   1|   0|    1|          0|
    |ap_enable_reg_pp0_iter1                   |   1|   0|    1|          0|
    |ap_enable_reg_pp0_iter2                   |   1|   0|    1|          0|
    |ap_enable_reg_pp0_iter3                   |   1|   0|    1|          0|
    |ap_loop_exit_ready_pp0_iter2_reg          |   1|   0|    1|          0|
    |ap_phi_reg_pp0_iter1_pix_val_V_3_reg_357  |   8|   0|    8|          0|
    |ap_phi_reg_pp0_iter1_pix_val_V_4_reg_340  |   8|   0|    8|          0|
    |ap_phi_reg_pp0_iter1_pix_val_V_reg_376    |   8|   0|    8|          0|
    |ap_phi_reg_pp0_iter2_pix_val_V_3_reg_357  |   8|   0|    8|          0|
    |ap_phi_reg_pp0_iter2_pix_val_V_4_reg_340  |   8|   0|    8|          0|
    |ap_phi_reg_pp0_iter2_pix_val_V_reg_376    |   8|   0|    8|          0|
    |ap_phi_reg_pp0_iter3_pix_val_V_3_reg_357  |   8|   0|    8|          0|
    |ap_phi_reg_pp0_iter3_pix_val_V_4_reg_340  |   8|   0|    8|          0|
    |ap_phi_reg_pp0_iter3_pix_val_V_reg_376    |   8|   0|    8|          0|
    |boxColorG_1_read_reg_793                  |   8|   0|    8|          0|
    |boxLeft_fu_134                            |  16|   0|   16|          0|
    |boxLeft_load_reg_899                      |  16|   0|   16|          0|
    |boxSize_1_read_reg_820                    |  16|   0|   16|          0|
    |boxTop_fu_130                             |  16|   0|   16|          0|
    |boxTop_load_reg_894                       |  16|   0|   16|          0|
    |cmp101_i_read_reg_798                     |   1|   0|    1|          0|
    |color_read_reg_779                        |   8|   0|    8|          0|
    |crossHairX_1_read_reg_788                 |  16|   0|   16|          0|
    |hDir                                      |   1|   0|    1|          0|
    |hMax_read_reg_803                         |  16|   0|   16|          0|
    |icmp_ln729_reg_909                        |   1|   0|    1|          0|
    |loopWidth_read_reg_869                    |  16|   0|   16|          0|
    |or_ln1918_reg_941                         |   1|   0|    1|          0|
    |ovrlayId_load_read_reg_826                |   8|   0|    8|          0|
    |pixOut_val_V_7_read_reg_852               |   8|   0|    8|          0|
    |pixOut_val_V_9_read_reg_863               |   8|   0|    8|          0|
    |pixOut_val_V_read_reg_857                 |   8|   0|    8|          0|
    |tobool_read_reg_835                       |   1|   0|    1|          0|
    |trunc_ln729_reg_904                       |   1|   0|    1|          0|
    |vDir                                      |   1|   0|    1|          0|
    |vMax_read_reg_808                         |  16|   0|   16|          0|
    |x_1_reg_888                               |  16|   0|   16|          0|
    |x_fu_126                                  |  16|   0|   16|          0|
    |zext_ln1869_1_cast_reg_874                |   9|   0|   16|          7|
    |zext_ln1869_cast_reg_880                  |   8|   0|   16|          8|
    +------------------------------------------+----+----+-----+-----------+
    |Total                                     | 329|   0|  344|         15|
    +------------------------------------------+----+----+-----+-----------+



================================================================
== Interface
================================================================
* Summary: 
+----------------------------+-----+-----+------------+-----------------------------------------+--------------+
|          RTL Ports         | Dir | Bits|  Protocol  |              Source Object              |    C Type    |
+----------------------------+-----+-----+------------+-----------------------------------------+--------------+
|ap_clk                      |   in|    1|  ap_ctrl_hs|  tpgForeground_Pipeline_VITIS_LOOP_729_2|  return value|
|ap_rst                      |   in|    1|  ap_ctrl_hs|  tpgForeground_Pipeline_VITIS_LOOP_729_2|  return value|
|ap_start                    |   in|    1|  ap_ctrl_hs|  tpgForeground_Pipeline_VITIS_LOOP_729_2|  return value|
|ap_done                     |  out|    1|  ap_ctrl_hs|  tpgForeground_Pipeline_VITIS_LOOP_729_2|  return value|
|ap_idle                     |  out|    1|  ap_ctrl_hs|  tpgForeground_Pipeline_VITIS_LOOP_729_2|  return value|
|ap_ready                    |  out|    1|  ap_ctrl_hs|  tpgForeground_Pipeline_VITIS_LOOP_729_2|  return value|
|bckgndYUV_dout              |   in|   24|     ap_fifo|                                bckgndYUV|       pointer|
|bckgndYUV_num_data_valid    |   in|    5|     ap_fifo|                                bckgndYUV|       pointer|
|bckgndYUV_fifo_cap          |   in|    5|     ap_fifo|                                bckgndYUV|       pointer|
|bckgndYUV_empty_n           |   in|    1|     ap_fifo|                                bckgndYUV|       pointer|
|bckgndYUV_read              |  out|    1|     ap_fifo|                                bckgndYUV|       pointer|
|ovrlayYUV_din               |  out|   24|     ap_fifo|                                ovrlayYUV|       pointer|
|ovrlayYUV_num_data_valid    |   in|    5|     ap_fifo|                                ovrlayYUV|       pointer|
|ovrlayYUV_fifo_cap          |   in|    5|     ap_fifo|                                ovrlayYUV|       pointer|
|ovrlayYUV_full_n            |   in|    1|     ap_fifo|                                ovrlayYUV|       pointer|
|ovrlayYUV_write             |  out|    1|     ap_fifo|                                ovrlayYUV|       pointer|
|boxHCoord_loc_0             |   in|   16|     ap_none|                          boxHCoord_loc_0|        scalar|
|boxVCoord_loc_0             |   in|   16|     ap_none|                          boxVCoord_loc_0|        scalar|
|loopWidth                   |   in|   16|   ap_stable|                                loopWidth|        scalar|
|pixOut_val_V_9              |   in|    8|   ap_stable|                           pixOut_val_V_9|        scalar|
|pixOut_val_V                |   in|    8|   ap_stable|                             pixOut_val_V|        scalar|
|pixOut_val_V_7              |   in|    8|   ap_stable|                           pixOut_val_V_7|        scalar|
|and4_i                      |   in|    1|   ap_stable|                                   and4_i|        scalar|
|and26_i                     |   in|    1|   ap_stable|                                  and26_i|        scalar|
|tobool                      |   in|    1|   ap_stable|                                   tobool|        scalar|
|and10_i                     |   in|    1|   ap_stable|                                  and10_i|        scalar|
|ovrlayId_load               |   in|    8|   ap_stable|                            ovrlayId_load|        scalar|
|boxSize_1                   |   in|   16|   ap_stable|                                boxSize_1|        scalar|
|y                           |   in|   16|     ap_none|                                        y|        scalar|
|zext_ln1869                 |   in|    8|   ap_stable|                              zext_ln1869|        scalar|
|vMax                        |   in|   16|   ap_stable|                                     vMax|        scalar|
|hMax                        |   in|   16|   ap_stable|                                     hMax|        scalar|
|zext_ln1869_1               |   in|    9|   ap_stable|                            zext_ln1869_1|        scalar|
|cmp101_i                    |   in|    1|   ap_stable|                                 cmp101_i|        scalar|
|boxColorG_1                 |   in|    8|   ap_stable|                              boxColorG_1|        scalar|
|crossHairX_1                |   in|   16|   ap_stable|                             crossHairX_1|        scalar|
|cmp2_i                      |   in|    1|     ap_none|                                   cmp2_i|        scalar|
|color                       |   in|    8|   ap_stable|                                    color|        scalar|
|boxHCoord_loc_1_out         |  out|   16|      ap_vld|                      boxHCoord_loc_1_out|       pointer|
|boxHCoord_loc_1_out_ap_vld  |  out|    1|      ap_vld|                      boxHCoord_loc_1_out|       pointer|
|boxVCoord_loc_1_out         |  out|   16|      ap_vld|                      boxVCoord_loc_1_out|       pointer|
|boxVCoord_loc_1_out_ap_vld  |  out|    1|      ap_vld|                      boxVCoord_loc_1_out|       pointer|
|boxHCoord                   |  out|   16|      ap_vld|                                boxHCoord|       pointer|
|boxHCoord_ap_vld            |  out|    1|      ap_vld|                                boxHCoord|       pointer|
|boxVCoord                   |  out|   16|      ap_vld|                                boxVCoord|       pointer|
|boxVCoord_ap_vld            |  out|    1|      ap_vld|                                boxVCoord|       pointer|
+----------------------------+-----+-----+------------+-----------------------------------------+--------------+

